Running HiGHS 1.14.0 (git hash: 7df0786): Copyright (c) 2026 under MIT licence terms
Writing the model to /Users/justingao/Documents/CUMCM/C题工作区/results/q1/alternate_milp.lp
MIP has 579 rows; 865 cols; 1874 nonzeros; 144 integer variables (144 binary)
Coefficient ranges:
  Matrix  [4e-01, 8e+02]
  Cost    [1e+00, 1e+02]
  Bound   [4e-02, 1e+04]
  RHS     [2e+01, 4e+04]
Presolving model
577 rows, 808 cols, 1815 nonzeros 0s
567 rows, 798 cols, 1795 nonzeros 0s
Presolve reductions: rows 567(-12); columns 798(-67); nonzeros 1795(-79) 

Solving MIP model with:
   567 rows
   798 cols (144 binary, 0 integer, 0 implied int., 654 continuous, 0 domain fixed)
   1795 nonzeros

Src: B => Branching; C => Central rounding; F => Feasibility pump; H => Heuristic;
     I => Shifting; J => Feasibility jump; L => Sub-MIP; P => Empty MIP; R => Randomized rounding;
     S => Solve LP; T => Evaluate node; U => Unbounded; X => User solution; Y => HiGHS solution;
     Z => ZI Round; l => Trivial lower; p => Trivial point; u => Trivial upper; z => Trivial zero

        Nodes      |    B&B Tree     |            Objective Bounds              |  Dynamic Constraints |       Work      
Src  Proc. InQueue |  Leaves   Expl. | BestBound       BestSol              Gap |   Cuts   InLp Confl. | LpIters     Time

         0       0         0   0.00%   0               inf                  inf        0      0      0         0     0.0s
         0       0         0   0.00%   1502073.560751  inf                  inf        0      0      0       425     0.0s
 R       0       0         0   0.00%   1502073.560751  1502073.563659     0.00%       65     28      0       467     0.0s
         1       0         1 100.00%   1502073.563659  1502073.563659     0.00%       65     28      0       468     0.0s

Solving report
  Status            Optimal
  Primal bound      1502073.56366
  Dual bound        1502073.56366
  Gap               0% (tolerance: 0%)
  P-D integral      1.85745646885e-11
  Solution status   feasible
                    1502073.56366 (objective)
                    0 (bound viol.)
                    1.11022302463e-16 (int. viol.)
                    0 (row viol.)
  Timing            0.02
  Max sub-MIP depth 0
  Nodes             1
  Repair LPs        0
  LP iterations     468
                    0 (strong br.)
                    42 (separation)
                    0 (heuristics)
Writing the solution to /Users/justingao/Documents/CUMCM/C题工作区/results/q1/alternate_milp.sol
