seasonal storage 2025-01-01 SOC 1200.0
Frozen candidate: linear_harmonic common Feb1 SOC: 7268.4231640740745
linear_harmonic storage 2025-02-01 SOC 7209.957
linear_harmonic storage 2025-03-01 SOC 3256.003
linear_harmonic storage 2025-04-01 SOC 1206.248
linear_harmonic storage 2025-05-01 SOC 1200.0
linear_harmonic storage 2025-06-01 SOC 1200.0
linear_harmonic storage 2025-07-01 SOC 4101.481
linear_harmonic storage 2025-08-01 SOC 4615.583
linear_harmonic storage 2025-09-01 SOC 5392.082
linear_harmonic storage 2025-10-01 SOC 2187.582
linear_harmonic storage 2025-11-01 SOC 1200.0
linear_harmonic storage 2025-12-01 SOC 1200.0
seasonal storage 2025-02-01 SOC 7685.654
seasonal storage 2025-03-01 SOC 8177.329
seasonal storage 2025-04-01 SOC 6789.689
seasonal storage 2025-05-01 SOC 4983.482
seasonal storage 2025-06-01 SOC 2085.865
seasonal storage 2025-07-01 SOC 2155.907
seasonal storage 2025-08-01 SOC 5132.276
seasonal storage 2025-09-01 SOC 10600.143
seasonal storage 2025-10-01 SOC 10800.0
seasonal storage 2025-11-01 SOC 9531.069
seasonal storage 2025-12-01 SOC 7934.257
linear_harmonic no_storage 2025-02-01 SOC 7268.423
linear_harmonic no_storage 2025-03-01 SOC 7268.423
linear_harmonic no_storage 2025-04-01 SOC 7268.423
linear_harmonic no_storage 2025-05-01 SOC 7268.423
linear_harmonic no_storage 2025-06-01 SOC 7268.423
linear_harmonic no_storage 2025-07-01 SOC 7268.423
linear_harmonic no_storage 2025-08-01 SOC 7268.423
linear_harmonic no_storage 2025-09-01 SOC 7268.423
linear_harmonic no_storage 2025-10-01 SOC 7268.423
linear_harmonic no_storage 2025-11-01 SOC 7268.423
linear_harmonic no_storage 2025-12-01 SOC 7268.423
    policy  total_cost_yuan  emergency_kwh  final_energy_kwh
  selected     1.633368e+07  751884.121695       2723.620153
  seasonal     1.537821e+07  519849.591541       6434.175697
no_storage     2.002273e+07  955491.753226       7268.423164
