               total_cost_yuan  emergency_cost_yuan  saving_vs_B0_yuan  saving_vs_B1_yuan
policy                                                                                   
B0                1.633368e+07         4.345852e+06       0.000000e+00      -9.554760e+05
B1                1.537821e+07         3.114550e+06       9.554760e+05       0.000000e+00
P                 1.420951e+07         6.418453e+05       2.124174e+06       1.168698e+06
E                 2.618555e+07         1.419706e+07      -9.851868e+06      -1.080734e+07
PE                2.467059e+07         1.110291e+07      -8.336908e+06      -9.292384e+06
P_tau07           1.423780e+07         1.194770e+06       2.095887e+06       1.140411e+06
P_tau09           1.456315e+07         2.462275e+05       1.770534e+06       8.150584e+05
P_w14             1.414805e+07         6.210119e+05       2.185635e+06       1.230159e+06
P_w56             1.419843e+07         6.545211e+05       2.135250e+06       1.179774e+06
B0_terminal       1.626564e+07         4.257506e+06       0.000000e+00      -9.288306e+05
B1_terminal       1.533681e+07         3.085701e+06       9.288306e+05       0.000000e+00
P_terminal        1.403563e+07         6.404934e+05       2.230008e+06       1.301177e+06
B0_efficiency     1.596432e+07         4.411625e+06       0.000000e+00      -1.003724e+06
B1_efficiency     1.496059e+07         3.137709e+06       1.003724e+06       0.000000e+00
P_efficiency      1.372384e+07         6.523487e+05       2.240476e+06       1.236753e+06
B0_power          1.632018e+07         4.348110e+06       0.000000e+00      -9.551764e+05
B1_power          1.536500e+07         3.115269e+06       9.551764e+05       0.000000e+00
P_power           1.420985e+07         6.659360e+05       2.110332e+06       1.155156e+06
