robustness_effects {
  "original_request": "新的敏感性鲁棒性测试也要；modelviz-skill；全部英文标注。",
  "candidate_count": 8,
  "total_templates": 89,
  "candidates": [
    {
      "template_id": "cmp_gradient_single_factor_bar",
      "template_name": "渐变单因子条形图",
      "category": "comparison_ranking",
      "score": 0.405,
      "matched_keywords": [
        "比较",
        "排序",
        "条形图"
      ],
      "matched_synonyms": [],
      "matched_chart_types": [],
      "matched_use_cases": [],
      "matched_styles": [
        "English labels",
        "serif typography"
      ],
      "penalties": [],
      "candidate_reason": "功能关键词匹配：比较, 排序, 条形图；风格弱匹配：English labels, serif typography",
      "preview": "templates/02_CMP_comparison_ranking/02_CMP_005/assets/preview.png",
      "code_path": "templates/02_CMP_comparison_ranking/02_CMP_005/渐变单因子条形图.py",
      "catalog_order": 8
    },
    {
      "template_id": "cmp_circular_barplot",
      "template_name": "环状条形图",
      "category": "comparison_ranking",
      "score": 0.375,
      "matched_keywords": [
        "比较",
        "排序",
        "条形图"
      ],
      "matched_synonyms": [],
      "matched_chart_types": [],
      "matched_use_cases": [],
      "matched_styles": [],
      "penalties": [],
      "candidate_reason": "功能关键词匹配：比较, 排序, 条形图",
      "preview": "templates/02_CMP_comparison_ranking/02_CMP_001/assets/preview.png",
      "code_path": "templates/02_CMP_comparison_ranking/02_CMP_001/环状条形图.py",
      "catalog_order": 4
    },
    {
      "template_id": "rel_bar_association_matrix",
      "template_name": "横向条形图与关联矩阵组合图",
      "category": "relationship_correlation",
      "score": 0.315,
      "matched_keywords": [
        "比较",
        "排序",
        "条形图"
      ],
      "matched_synonyms": [],
      "matched_chart_types": [],
      "matched_use_cases": [],
      "matched_styles": [],
      "penalties": [],
      "candidate_reason": "功能关键词匹配：比较, 排序, 条形图",
      "preview": "templates/09_REL_relationship_correlation/09_REL_011/assets/preview.png",
      "code_path": "templates/09_REL_relationship_correlation/09_REL_011/横向条形图与关联矩阵组合图.py",
      "catalog_order": 55
    },
    {
      "template_id": "cmp_correlation_stacked_bar",
      "template_name": "相关性分析堆叠条形图",
      "category": "comparison_ranking",
      "score": 0.27,
      "matched_keywords": [
        "比较",
        "条形图"
      ],
      "matched_synonyms": [],
      "matched_chart_types": [],
      "matched_use_cases": [],
      "matched_styles": [],
      "penalties": [],
      "candidate_reason": "功能关键词匹配：比较, 条形图",
      "preview": "templates/02_CMP_comparison_ranking/02_CMP_003/assets/preview.png",
      "code_path": "templates/02_CMP_comparison_ranking/02_CMP_003/相关性分析堆叠条形图.py",
      "catalog_order": 6
    },
    {
      "template_id": "cmp_horizontal_percentage_stack",
      "template_name": "横轴百分比堆叠图",
      "category": "comparison_ranking",
      "score": 0.27,
      "matched_keywords": [
        "比较",
        "条形图"
      ],
      "matched_synonyms": [],
      "matched_chart_types": [],
      "matched_use_cases": [],
      "matched_styles": [],
      "penalties": [],
      "candidate_reason": "功能关键词匹配：比较, 条形图",
      "preview": "templates/02_CMP_comparison_ranking/02_CMP_006/assets/preview.png",
      "code_path": "templates/02_CMP_comparison_ranking/02_CMP_006/横轴百分比堆叠图.py",
      "catalog_order": 9
    },
    {
      "template_id": "cmp_radial_stacked_bar",
      "template_name": "径向堆叠图",
      "category": "comparison_ranking",
      "score": 0.27,
      "matched_keywords": [
        "比较",
        "条形图"
      ],
      "matched_synonyms": [],
      "matched_chart_types": [],
      "matched_use_cases": [],
      "matched_styles": [],
      "penalties": [],
      "candidate_reason": "功能关键词匹配：比较, 条形图",
      "preview": "templates/02_CMP_comparison_ranking/02_CMP_011/assets/preview.png",
      "code_path": "templates/02_CMP_comparison_ranking/02_CMP_011/径向堆叠图.py",
      "catalog_order": 14
    },
    {
      "template_id": "prd_grouped_regression_fit",
      "template_name": "多组别回归拟合图",
      "category": "prediction_evaluation",
      "score": 0.24,
      "matched_keywords": [
        "比较",
        "不确定性"
      ],
      "matched_synonyms": [],
      "matched_chart_types": [],
      "matched_use_cases": [],
      "matched_styles": [
        "English labels",
        "serif typography"
      ],
      "penalties": [],
      "candidate_reason": "功能关键词匹配：比较, 不确定性；风格弱匹配：English labels, serif typography",
      "preview": "templates/08_PRD_prediction_evaluation/08_PRD_004/assets/preview.png",
      "code_path": "templates/08_PRD_prediction_evaluation/08_PRD_004/多组别回归拟合图.py",
      "catalog_order": 38
    },
    {
      "template_id": "clu_pcoa_permanova",
      "template_name": "PCoA分析图",
      "category": "clustering_reduction",
      "score": 0.21,
      "matched_keywords": [
        "比较",
        "排序"
      ],
      "matched_synonyms": [],
      "matched_chart_types": [],
      "matched_use_cases": [],
      "matched_styles": [],
      "penalties": [],
      "candidate_reason": "功能关键词匹配：比较, 排序",
      "preview": "templates/01_CLU_clustering_reduction/01_CLU_003/assets/preview.png",
      "code_path": "templates/01_CLU_clustering_reduction/01_CLU_003/PCoA分析图.py",
      "catalog_order": 2
    }
  ],
  "warnings": []
}

robustness_monthly {
  "original_request": "新的敏感性鲁棒性测试也要；modelviz-skill；全部英文标注。",
  "candidate_count": 8,
  "total_templates": 89,
  "candidates": [
    {
      "template_id": "cmp_3d_ribbon_chart",
      "template_name": "3D条带图",
      "category": "comparison_ranking",
      "score": 0.48,
      "matched_keywords": [
        "趋势",
        "比较",
        "复合时间序列",
        "多指标时间序列"
      ],
      "matched_synonyms": [],
      "matched_chart_types": [],
      "matched_use_cases": [],
      "matched_styles": [],
      "penalties": [],
      "candidate_reason": "功能关键词匹配：趋势, 比较, 复合时间序列, 多指标时间序列",
      "preview": "templates/02_CMP_comparison_ranking/02_CMP_013/assets/preview.png",
      "code_path": "templates/02_CMP_comparison_ranking/02_CMP_013/3D条带图.py",
      "catalog_order": 16
    },
    {
      "template_id": "trd_dual_axis_bar_line",
      "template_name": "双Y轴柱状折线时间序列图",
      "category": "trend_time_series",
      "score": 0.48,
      "matched_keywords": [
        "趋势",
        "比较",
        "复合时间序列",
        "多指标时间序列"
      ],
      "matched_synonyms": [],
      "matched_chart_types": [],
      "matched_use_cases": [],
      "matched_styles": [],
      "penalties": [],
      "candidate_reason": "功能关键词匹配：趋势, 比较, 复合时间序列, 多指标时间序列",
      "preview": "templates/12_TRD_trend_time_series/12_TRD_001/assets/preview.png",
      "code_path": "templates/12_TRD_trend_time_series/12_TRD_001/双Y轴柱状折线时间序列图.py",
      "catalog_order": 85
    },
    {
      "template_id": "trd_lag_correlation_analysis",
      "template_name": "滞后相关性分析图",
      "category": "trend_time_series",
      "score": 0.48,
      "matched_keywords": [
        "趋势",
        "比较",
        "复合时间序列",
        "多指标时间序列"
      ],
      "matched_synonyms": [],
      "matched_chart_types": [],
      "matched_use_cases": [],
      "matched_styles": [],
      "penalties": [],
      "candidate_reason": "功能关键词匹配：趋势, 比较, 复合时间序列, 多指标时间序列",
      "preview": "templates/12_TRD_trend_time_series/12_TRD_002/assets/preview.png",
      "code_path": "templates/12_TRD_trend_time_series/12_TRD_002/滞后相关性分析图.py",
      "catalog_order": 86
    },
    {
      "template_id": "mpn_scatter_matrix_timeseries_regression",
      "template_name": "散点矩阵与时间序列回归报告",
      "category": "multi_panel_report",
      "score": 0.345,
      "matched_keywords": [
        "趋势",
        "复合时间序列",
        "多指标时间序列"
      ],
      "matched_synonyms": [],
      "matched_chart_types": [],
      "matched_use_cases": [],
      "matched_styles": [
        "English labels",
        "serif typography"
      ],
      "penalties": [],
      "candidate_reason": "功能关键词匹配：趋势, 复合时间序列, 多指标时间序列；风格弱匹配：English labels, serif typography",
      "preview": "templates/05_MPN_multi_panel_report/05_MPN_002/assets/preview.png",
      "code_path": "templates/05_MPN_multi_panel_report/05_MPN_002/散点矩阵与时间序列回归报告.py",
      "catalog_order": 29
    },
    {
      "template_id": "cmp_flowing_percentage_stack",
      "template_name": "流动趋势百分比堆叠图",
      "category": "comparison_ranking",
      "score": 0.27,
      "matched_keywords": [
        "趋势",
        "比较"
      ],
      "matched_synonyms": [],
      "matched_chart_types": [],
      "matched_use_cases": [],
      "matched_styles": [],
      "penalties": [],
      "candidate_reason": "功能关键词匹配：趋势, 比较",
      "preview": "templates/02_CMP_comparison_ranking/02_CMP_004/assets/preview.png",
      "code_path": "templates/02_CMP_comparison_ranking/02_CMP_004/流动趋势百分比堆叠图.py",
      "catalog_order": 7
    },
    {
      "template_id": "cmp_3d_waterfall_distribution",
      "template_name": "三维瀑布图",
      "category": "comparison_ranking",
      "score": 0.27,
      "matched_keywords": [
        "趋势",
        "比较"
      ],
      "matched_synonyms": [],
      "matched_chart_types": [],
      "matched_use_cases": [],
      "matched_styles": [],
      "penalties": [],
      "candidate_reason": "功能关键词匹配：趋势, 比较",
      "preview": "templates/02_CMP_comparison_ranking/02_CMP_014/assets/preview.png",
      "code_path": "templates/02_CMP_comparison_ranking/02_CMP_014/三维瀑布图.py",
      "catalog_order": 17
    },
    {
      "template_id": "trd_smoothed_trend_curves",
      "template_name": "平滑趋势曲线",
      "category": "trend_time_series",
      "score": 0.27,
      "matched_keywords": [
        "趋势",
        "比较"
      ],
      "matched_synonyms": [],
      "matched_chart_types": [],
      "matched_use_cases": [],
      "matched_styles": [],
      "penalties": [],
      "candidate_reason": "功能关键词匹配：趋势, 比较",
      "preview": "templates/12_TRD_trend_time_series/12_TRD_003/assets/preview.png",
      "code_path": "templates/12_TRD_trend_time_series/12_TRD_003/平滑趋势曲线.py",
      "catalog_order": 87
    },
    {
      "template_id": "trd_composite_line_bar_dual_axis",
      "template_name": "折线图、条形图和双Y轴的复合时间序列图",
      "category": "trend_time_series",
      "score": 0.27,
      "matched_keywords": [
        "趋势",
        "复合时间序列"
      ],
      "matched_synonyms": [],
      "matched_chart_types": [],
      "matched_use_cases": [],
      "matched_styles": [],
      "penalties": [],
      "candidate_reason": "功能关键词匹配：趋势, 复合时间序列",
      "preview": "templates/12_TRD_trend_time_series/12_TRD_004/assets/preview.png",
      "code_path": "templates/12_TRD_trend_time_series/12_TRD_004/折线图、条形图和双Y轴的复合时间序列图.py",
      "catalog_order": 88
    }
  ],
  "warnings": []
}

