fixed_raw 2025-02-01 SOC 7551.587596
fixed_raw 2025-03-01 SOC 7503.36716
fixed_raw 2025-04-01 SOC 7481.319877
fixed_raw 2025-05-01 SOC 5464.132388
fixed_raw 2025-06-01 SOC 6767.799941
fixed_raw 2025-07-01 SOC 9818.342126
fixed_raw 2025-08-01 SOC 10653.955096
fixed_raw 2025-09-01 SOC 10800.0
fixed_raw 2025-10-01 SOC 5908.054498
fixed_raw 2025-11-01 SOC 6813.87106
fixed_raw 2025-12-01 SOC 6812.937683
fixed_raw cost 13772880.061223
fixed_w28 2025-02-01 SOC 7551.587596
fixed_w28 2025-03-01 SOC 7503.36716
fixed_w28 2025-04-01 SOC 7481.319877
fixed_w28 2025-05-01 SOC 5554.25002
fixed_w28 2025-06-01 SOC 8898.795736
fixed_w28 2025-07-01 SOC 9818.342126
fixed_w28 2025-08-01 SOC 10693.360068
fixed_w28 2025-09-01 SOC 10800.0
fixed_w28 2025-10-01 SOC 5655.396037
fixed_w28 2025-11-01 SOC 6807.54669
fixed_w28 2025-12-01 SOC 6736.033217
fixed_w28 cost 13726733.574968
fixed_w14 2025-02-01 SOC 7551.587596
fixed_w14 2025-03-01 SOC 7503.36716
fixed_w14 2025-04-01 SOC 7481.319877
fixed_w14 2025-05-01 SOC 5780.380831
fixed_w14 2025-06-01 SOC 9063.401945
fixed_w14 2025-07-01 SOC 9818.342126
fixed_w14 2025-08-01 SOC 10703.516155
fixed_w14 2025-09-01 SOC 10800.0
fixed_w14 2025-10-01 SOC 5689.848344
fixed_w14 2025-11-01 SOC 6812.181886
fixed_w14 2025-12-01 SOC 6723.612127
fixed_w14 cost 13736212.994924
fixed_w56 2025-02-01 SOC 7551.587596
fixed_w56 2025-03-01 SOC 7503.36716
fixed_w56 2025-04-01 SOC 7481.319877
fixed_w56 2025-05-01 SOC 5529.699412
fixed_w56 2025-06-01 SOC 8363.283482
fixed_w56 2025-07-01 SOC 9818.342126
fixed_w56 2025-08-01 SOC 10653.955096
fixed_w56 2025-09-01 SOC 10800.0
fixed_w56 2025-10-01 SOC 5685.128518
fixed_w56 2025-11-01 SOC 6807.54669
fixed_w56 2025-12-01 SOC 6679.546982
fixed_w56 cost 13724087.090619
efficiency_raw 2025-02-01 SOC 7577.70125
efficiency_raw 2025-03-01 SOC 7555.618457
efficiency_raw 2025-04-01 SOC 7632.254958
efficiency_raw 2025-05-01 SOC 5660.513065
efficiency_raw 2025-06-01 SOC 7034.144814
efficiency_raw 2025-07-01 SOC 9765.241745
efficiency_raw 2025-08-01 SOC 10646.055154
efficiency_raw 2025-09-01 SOC 10800.0
efficiency_raw 2025-10-01 SOC 6012.106567
efficiency_raw 2025-11-01 SOC 6784.917899
efficiency_raw 2025-12-01 SOC 7009.851929
efficiency_raw cost 13306927.336908
efficiency_w28 2025-02-01 SOC 7577.70125
efficiency_w28 2025-03-01 SOC 7555.618457
efficiency_w28 2025-04-01 SOC 7632.254958
efficiency_w28 2025-05-01 SOC 5873.549997
efficiency_w28 2025-06-01 SOC 9425.632294
efficiency_w28 2025-07-01 SOC 9765.241745
efficiency_w28 2025-08-01 SOC 10684.037822
efficiency_w28 2025-09-01 SOC 10800.0
efficiency_w28 2025-10-01 SOC 5784.696284
efficiency_w28 2025-11-01 SOC 6780.557315
efficiency_w28 2025-12-01 SOC 6858.833296
efficiency_w28 cost 13255998.709691
soft_raw 2025-02-01 SOC 7551.587596
soft_raw 2025-03-01 SOC 7503.36716
soft_raw 2025-04-01 SOC 7481.319877
soft_raw 2025-05-01 SOC 5443.926451
soft_raw 2025-06-01 SOC 6805.222425
soft_raw 2025-07-01 SOC 9818.342126
soft_raw 2025-08-01 SOC 10653.955096
soft_raw 2025-09-01 SOC 10800.0
soft_raw 2025-10-01 SOC 5903.665061
soft_raw 2025-11-01 SOC 6813.87106
soft_raw 2025-12-01 SOC 6727.978347
soft_raw cost 13772796.986769
soft_w28 2025-02-01 SOC 7551.587596
soft_w28 2025-03-01 SOC 7503.36716
soft_w28 2025-04-01 SOC 7481.319877
soft_w28 2025-05-01 SOC 5595.760541
soft_w28 2025-06-01 SOC 8912.715774
soft_w28 2025-07-01 SOC 9818.342126
soft_w28 2025-08-01 SOC 10693.360068
soft_w28 2025-09-01 SOC 10800.0
soft_w28 2025-10-01 SOC 5658.025497
soft_w28 2025-11-01 SOC 6807.54669
soft_w28 2025-12-01 SOC 6727.978347
soft_w28 cost 13726608.563174
variable_raw 2025-02-01 SOC 7555.621899
variable_raw 2025-03-01 SOC 7796.170543
variable_raw 2025-04-01 SOC 8065.459364
variable_raw 2025-05-01 SOC 6209.903374
variable_raw 2025-06-01 SOC 8441.569351
variable_raw 2025-07-01 SOC 9818.342126
variable_raw 2025-08-01 SOC 10671.409088
variable_raw 2025-09-01 SOC 10800.0
variable_raw 2025-10-01 SOC 6730.269037
variable_raw 2025-11-01 SOC 7206.60142
variable_raw 2025-12-01 SOC 7533.419242
variable_raw cost 14534062.642403
variable_w28 2025-02-01 SOC 7555.621899
variable_w28 2025-03-01 SOC 7796.170543
variable_w28 2025-04-01 SOC 8065.459364
variable_w28 2025-05-01 SOC 6413.690598
variable_w28 2025-06-01 SOC 9847.152875
variable_w28 2025-07-01 SOC 9818.342126
variable_w28 2025-08-01 SOC 10671.409088
variable_w28 2025-09-01 SOC 10800.0
variable_w28 2025-10-01 SOC 6730.269037
variable_w28 2025-11-01 SOC 7216.964605
variable_w28 2025-12-01 SOC 7535.745933
variable_w28 cost 14492279.546435
        policy  total_cost_yuan  april_december_cost_yuan  final_energy_kwh
     fixed_raw     1.377288e+07              1.143814e+07       7173.092755
     fixed_w28     1.372673e+07              1.139199e+07       7114.890175
     fixed_w14     1.373621e+07              1.140147e+07       7095.720290
     fixed_w56     1.372409e+07              1.138934e+07       7114.387035
efficiency_raw     1.330693e+07              1.105505e+07       7532.254163
efficiency_w28     1.325600e+07              1.100413e+07       7429.686774
      soft_raw     1.377280e+07              1.143805e+07       7086.667935
      soft_w28     1.372661e+07              1.139186e+07       7091.963624
  variable_raw     1.453406e+07              1.214244e+07       7804.593372
  variable_w28     1.449228e+07              1.210066e+07       7804.649181
