\BOOKMARK [1][-]{section.1}{\376\377\000P\000r\000o\000b\000l\000e\000m\000\040\000s\000t\000a\000t\000e\000m\000e\000n\000t\000\040\000a\000n\000d\000\040\000m\000o\000d\000e\000l\000i\000n\000g\000\040\000r\000a\000t\000i\000o\000n\000a\000l\000e}{}% 1
\BOOKMARK [2][-]{subsection.1.1}{\376\377\000D\000e\000c\000i\000s\000i\000o\000n\000s\000,\000\040\000c\000o\000s\000t\000s\000,\000\040\000a\000n\000d\000\040\000r\000e\000q\000u\000i\000r\000e\000d\000\040\000o\000u\000t\000p\000u\000t\000s}{section.1}% 2
\BOOKMARK [2][-]{subsection.1.2}{\376\377\000W\000h\000y\000\040\000t\000h\000e\000s\000e\000\040\000m\000o\000d\000e\000l\000\040\000c\000o\000m\000p\000o\000n\000e\000n\000t\000s\000\040\000b\000e\000l\000o\000n\000g\000\040\000t\000o\000g\000e\000t\000h\000e\000r}{section.1}% 3
\BOOKMARK [1][-]{section.2}{\376\377\000D\000a\000t\000a\000,\000\040\000w\000o\000r\000k\000i\000n\000g\000\040\000i\000n\000t\000e\000r\000p\000r\000e\000t\000a\000t\000i\000o\000n\000s\000,\000\040\000a\000n\000d\000\040\000n\000o\000t\000a\000t\000i\000o\000n}{}% 4
\BOOKMARK [2][-]{subsection.2.1}{\376\377\000D\000a\000t\000a\000\040\000i\000n\000t\000e\000r\000f\000a\000c\000e\000s\000\040\000a\000n\000d\000\040\000i\000n\000f\000o\000r\000m\000a\000t\000i\000o\000n\000\040\000c\000u\000t\000o\000f\000f\000s}{section.2}% 5
\BOOKMARK [2][-]{subsection.2.2}{\376\377\000W\000o\000r\000k\000i\000n\000g\000\040\000i\000n\000t\000e\000r\000p\000r\000e\000t\000a\000t\000i\000o\000n\000s\000\040\000a\000n\000d\000\040\000t\000h\000e\000i\000r\000\040\000c\000o\000n\000s\000e\000q\000u\000e\000n\000c\000e\000s}{section.2}% 6
\BOOKMARK [2][-]{subsection.2.3}{\376\377\000S\000y\000m\000b\000o\000l\000s\000\040\000a\000n\000d\000\040\000u\000n\000i\000t\000s}{section.2}% 7
\BOOKMARK [1][-]{section.3}{\376\377\000C\000o\000m\000m\000o\000n\000\040\000e\000x\000e\000c\000u\000t\000i\000o\000n\000\040\000m\000o\000d\000e\000l\000\040\000a\000n\000d\000\040\000j\000o\000i\000n\000t\000\040\000p\000u\000r\000c\000h\000a\000s\000e\000/\000r\000e\000s\000e\000r\000v\000e\000\040\000o\000b\000j\000e\000c\000t\000i\000v\000e}{}% 8
\BOOKMARK [2][-]{subsection.3.1}{\376\377\000P\000h\000y\000s\000i\000c\000a\000l\000\040\000e\000x\000e\000c\000u\000t\000i\000o\000n\000\040\000a\000n\000d\000\040\000h\000i\000s\000t\000o\000r\000i\000c\000a\000l\000\040\000s\000c\000e\000n\000a\000r\000i\000o\000s}{section.3}% 9
\BOOKMARK [2][-]{subsection.3.2}{\376\377\000C\000o\000m\000p\000l\000e\000t\000e\000\040\000e\000m\000p\000i\000r\000i\000c\000a\000l\000\040\000p\000r\000o\000g\000r\000a\000m\000\040\000a\000n\000d\000\040\000s\000e\000t\000t\000l\000e\000m\000e\000n\000t}{section.3}% 10
\BOOKMARK [2][-]{subsection.3.3}{\376\377\000N\000o\000m\000i\000n\000a\000l\000\040\000i\000n\000i\000t\000i\000a\000l\000i\000z\000a\000t\000i\000o\000n\000\040\000a\000n\000d\000\040\000c\000a\000n\000d\000i\000d\000a\000t\000e\000\040\000s\000e\000a\000r\000c\000h}{section.3}% 11
\BOOKMARK [1][-]{section.4}{\376\377\000Q\0001\000:\000\040\000D\000e\000t\000e\000r\000m\000i\000n\000i\000s\000t\000i\000c\000\040\000d\000a\000i\000l\000y\000\040\000s\000t\000o\000r\000a\000g\000e\000\040\000s\000c\000h\000e\000d\000u\000l\000i\000n\000g}{}% 12
\BOOKMARK [2][-]{subsection.4.1}{\376\377\000D\000e\000t\000e\000r\000m\000i\000n\000i\000s\000t\000i\000c\000\040\000f\000o\000r\000m\000u\000l\000a\000t\000i\000o\000n\000\040\000a\000n\000d\000\040\000r\000e\000s\000u\000l\000t\000s}{section.4}% 13
\BOOKMARK [2][-]{subsection.4.2}{\376\377\000P\000h\000y\000s\000i\000c\000a\000l\000\040\000i\000n\000t\000e\000r\000p\000r\000e\000t\000a\000t\000i\000o\000n\000\040\000s\000e\000n\000s\000i\000t\000i\000v\000i\000t\000y\000\040\000a\000n\000d\000\040\000c\000h\000e\000c\000k\000s}{section.4}% 14
\BOOKMARK [1][-]{section.5}{\376\377\000P\000r\000o\000b\000l\000e\000m\000\040\0002\000:\000\040\000H\000i\000s\000t\000o\000r\000y\000-\000B\000a\000s\000e\000d\000\040\000D\000i\000r\000e\000c\000t\000\040\000P\000r\000o\000c\000u\000r\000e\000m\000e\000n\000t}{}% 15
\BOOKMARK [2][-]{subsection.5.1}{\376\377\000F\000o\000r\000e\000c\000a\000s\000t\000\040\000i\000n\000p\000u\000t\000s\000\040\000a\000n\000d\000\040\000h\000i\000s\000t\000o\000r\000i\000c\000a\000l\000\040\000s\000c\000e\000n\000a\000r\000i\000o\000s}{section.5}% 16
\BOOKMARK [2][-]{subsection.5.2}{\376\377\000M\000a\000t\000c\000h\000e\000d\000\040\000c\000o\000s\000t\000s\000,\000\040\000s\000e\000l\000e\000c\000t\000i\000o\000n\000,\000\040\000a\000n\000d\000\040\000h\000i\000s\000t\000o\000r\000i\000c\000a\000l\000\040\000v\000a\000r\000i\000a\000b\000i\000l\000i\000t\000y}{section.5}% 17
\BOOKMARK [1][-]{section.6}{\376\377\000P\000r\000o\000b\000l\000e\000m\000\040\0003\000:\000\040\000P\000a\000i\000d\000\040\000R\000o\000l\000l\000i\000n\000g\000\040\000P\000r\000o\000c\000u\000r\000e\000m\000e\000n\000t\000\040\000w\000i\000t\000h\000\040\000U\000p\000d\000a\000t\000e\000d\000\040\000P\000V\000\040\000F\000o\000r\000e\000c\000a\000s\000t\000s}{}% 18
\BOOKMARK [2][-]{subsection.6.1}{\376\377\000R\000o\000l\000l\000i\000n\000g\000\040\000d\000e\000c\000i\000s\000i\000o\000n\000s\000\040\000a\000n\000d\000\040\000i\000n\000f\000o\000r\000m\000a\000t\000i\000o\000n\000\040\000c\000o\000m\000p\000a\000r\000i\000s\000o\000n\000s}{section.6}% 19
\BOOKMARK [2][-]{subsection.6.2}{\376\377\000C\000o\000r\000r\000e\000c\000t\000i\000o\000n\000\040\000a\000n\000d\000\040\000t\000h\000e\000\040\000s\000e\000l\000e\000c\000t\000e\000d\000\040\000p\000o\000l\000i\000c\000y\000\047\000s\000\040\000n\000e\000g\000a\000t\000i\000v\000e\000\040\000r\000e\000s\000u\000l\000t}{section.6}% 20
\BOOKMARK [1][-]{section.7}{\376\377\000P\000r\000o\000b\000l\000e\000m\000\040\0004\000:\000\040\000P\000l\000a\000n\000n\000i\000n\000g\000\040\000P\000r\000i\000c\000e\000s\000\040\000a\000n\000d\000\040\000R\000e\000a\000l\000i\000z\000e\000d\000\040\000V\000a\000r\000i\000a\000b\000l\000e\000-\000P\000r\000i\000c\000e\000\040\000S\000e\000t\000t\000l\000e\000m\000e\000n\000t}{}% 21
\BOOKMARK [2][-]{subsection.7.1}{\376\377\000P\000r\000i\000c\000e\000\040\000i\000n\000f\000o\000r\000m\000a\000t\000i\000o\000n\000\040\000w\000i\000t\000h\000o\000u\000t\000\040\000a\000d\000v\000a\000n\000c\000e\000\040\000k\000n\000o\000w\000l\000e\000d\000g\000e\000\040\000o\000f\000\040\000a\000c\000t\000u\000a\000l\000\040\000t\000a\000r\000i\000f\000f\000s}{section.7}% 22
\BOOKMARK [2][-]{subsection.7.2}{\376\377\000P\000r\000i\000c\000e\000\040\000c\000o\000m\000p\000a\000r\000i\000s\000o\000n\000s\000\040\000a\000n\000d\000\040\000s\000e\000l\000e\000c\000t\000e\000d\000\040\000p\000o\000l\000i\000c\000i\000e\000s}{section.7}% 23
\BOOKMARK [1][-]{section.8}{\376\377\000C\000o\000r\000r\000e\000c\000t\000n\000e\000s\000s\000,\000\040\000s\000e\000n\000s\000i\000t\000i\000v\000i\000t\000y\000,\000\040\000a\000n\000d\000\040\000h\000i\000s\000t\000o\000r\000i\000c\000a\000l\000\040\000u\000n\000c\000e\000r\000t\000a\000i\000n\000t\000y}{}% 24
\BOOKMARK [2][-]{subsection.8.1}{\376\377\000I\000m\000p\000l\000e\000m\000e\000n\000t\000a\000t\000i\000o\000n\000,\000\040\000i\000n\000f\000o\000r\000m\000a\000t\000i\000o\000n\000\040\000c\000u\000t\000o\000f\000f\000s\000,\000\040\000a\000n\000d\000\040\000r\000e\000p\000r\000o\000d\000u\000c\000t\000i\000o\000n}{section.8}% 25
\BOOKMARK [2][-]{subsection.8.2}{\376\377\000P\000a\000i\000r\000e\000d\000\040\000s\000a\000v\000i\000n\000g\000s\000,\000\040\000l\000o\000s\000i\000n\000g\000\040\000p\000e\000r\000i\000o\000d\000s\000,\000\040\000a\000n\000d\000\040\000t\000e\000r\000m\000i\000n\000a\000l\000\040\000i\000n\000v\000e\000n\000t\000o\000r\000y}{section.8}% 26
\BOOKMARK [1][-]{section.9}{\376\377\000E\000v\000a\000l\000u\000a\000t\000i\000o\000n\000\040\000a\000n\000d\000\040\000f\000i\000n\000a\000l\000\040\000o\000p\000e\000r\000a\000t\000i\000n\000g\000\040\000p\000o\000l\000i\000c\000i\000e\000s}{}% 27
\BOOKMARK [1][-]{section*.23}{\376\377\000A\000I\000\040\000t\000o\000o\000l\000\040\000u\000s\000a\000g\000e\000\040\000d\000e\000c\000l\000a\000r\000a\000t\000i\000o\000n}{}% 28
\BOOKMARK [1][-]{section*.24}{\376\377\000R\000e\000f\000e\000r\000e\000n\000c\000e\000s}{}% 29
\BOOKMARK [1][-]{section*.25}{\376\377\000A\000p\000p\000e\000n\000d\000i\000x\000\040\000A\000.\000\040\000I\000m\000p\000l\000e\000m\000e\000n\000t\000a\000t\000i\000o\000n\000\040\000a\000n\000d\000\040\000r\000e\000p\000r\000o\000d\000u\000c\000i\000b\000i\000l\000i\000t\000y\000\040\000s\000p\000e\000c\000i\000f\000i\000c\000a\000t\000i\000o\000n}{}% 30
\BOOKMARK [1][-]{section*.26}{\376\377\000A\000p\000p\000e\000n\000d\000i\000x\000\040\000B\000.\000\040\000F\000u\000l\000l\000\040\000c\000o\000m\000p\000a\000r\000i\000s\000o\000n\000s\000\040\000a\000n\000d\000\040\000r\000e\000t\000a\000i\000n\000e\000d\000\040\000n\000e\000g\000a\000t\000i\000v\000e\000\040\000f\000i\000n\000d\000i\000n\000g\000s}{}% 31
\BOOKMARK [2][-]{section*.27}{\376\377\000B\000.\0001\000\040\000F\000r\000o\000z\000e\000n\000\040\000Q\0002\000\040\000d\000e\000v\000e\000l\000o\000p\000m\000e\000n\000t\000\040\000m\000a\000t\000r\000i\000x}{section*.26}% 32
\BOOKMARK [2][-]{section*.28}{\376\377\000B\000.\0002\000\040\000C\000o\000m\000p\000l\000e\000t\000e\000\040\000c\000u\000r\000r\000e\000n\000t\000\040\000m\000a\000t\000c\000h\000e\000d\000\040\000m\000a\000t\000r\000i\000x}{section*.26}% 33
\BOOKMARK [2][-]{section*.29}{\376\377\000B\000.\0003\000\040\000E\000a\000r\000l\000i\000e\000r\000\040\000r\000e\000s\000e\000r\000v\000e\000\040\000a\000n\000d\000\040\000u\000p\000d\000a\000t\000e\000-\000g\000a\000t\000e\000\040\000e\000x\000p\000e\000r\000i\000m\000e\000n\000t\000s}{section*.26}% 34
\BOOKMARK [2][-]{section*.30}{\376\377\000B\000.\0004\000\040\000E\000a\000r\000l\000i\000e\000r\000\040\000c\000o\000r\000r\000e\000c\000t\000i\000o\000n\000\040\000s\000e\000n\000s\000i\000t\000i\000v\000i\000t\000y}{section*.26}% 35
\BOOKMARK [1][-]{section*.31}{\376\377\000A\000p\000p\000e\000n\000d\000i\000x\000\040\000C\000.\000\040\000W\000o\000r\000k\000b\000o\000o\000k\000,\000\040\000t\000a\000b\000l\000e\000,\000\040\000a\000n\000d\000\040\000a\000u\000d\000i\000t\000\040\000m\000a\000p\000p\000i\000n\000g}{}% 36
\BOOKMARK [1][-]{section*.32}{\376\377\000A\000p\000p\000e\000n\000d\000i\000x\000\040\000D\000.\000\040\000C\000o\000m\000p\000l\000e\000t\000e\000\040\000p\000r\000e\000s\000c\000r\000i\000b\000e\000d\000\040\000o\000u\000t\000p\000u\000t\000s}{}% 37
\BOOKMARK [2][-]{section*.33}{\376\377\000D\000.\0001\000\040\000Q\0001\000\040\000p\000r\000e\000s\000c\000r\000i\000b\000e\000d\000\040\000r\000e\000s\000u\000l\000t\000s}{section*.32}% 38
\BOOKMARK [2][-]{section*.34}{\376\377\000D\000.\0002\000\040\000Q\0002\000\040\000p\000r\000e\000s\000c\000r\000i\000b\000e\000d\000\040\000r\000e\000s\000u\000l\000t\000s}{section*.32}% 39
\BOOKMARK [2][-]{section*.35}{\376\377\000D\000.\0003\000\040\000Q\0003\000\040\000p\000r\000e\000s\000c\000r\000i\000b\000e\000d\000\040\000r\000e\000s\000u\000l\000t\000s}{section*.32}% 40
\BOOKMARK [2][-]{section*.36}{\376\377\000D\000.\0004\000\040\000Q\0004\000-\0002\000\040\000p\000r\000e\000s\000c\000r\000i\000b\000e\000d\000\040\000r\000e\000s\000u\000l\000t\000s}{section*.32}% 41
\BOOKMARK [2][-]{section*.37}{\376\377\000D\000.\0005\000\040\000Q\0004\000-\0003\000\040\000p\000r\000e\000s\000c\000r\000i\000b\000e\000d\000\040\000r\000e\000s\000u\000l\000t\000s}{section*.32}% 42
\BOOKMARK [1][-]{section*.38}{\376\377\000A\000p\000p\000e\000n\000d\000i\000x\000\040\000E\000.\000\040\000C\000o\000m\000p\000l\000e\000t\000e\000\040\000s\000c\000i\000e\000n\000t\000i\000f\000i\000c\000\040\000p\000r\000o\000g\000r\000a\000m\000s}{}% 43
