no_update 2025-02-01 actual SOC 7524.601
no_update 2025-03-01 actual SOC 6781.228
no_update 2025-04-01 actual SOC 5679.127
no_update 2025-05-01 actual SOC 4030.086
no_update 2025-06-01 actual SOC 5140.106
no_update 2025-07-01 actual SOC 8283.595
no_update 2025-08-01 actual SOC 8981.166
no_update 2025-09-01 actual SOC 10800.0
no_update 2025-10-01 actual SOC 5329.968
no_update 2025-11-01 actual SOC 4740.983
no_update 2025-12-01 actual SOC 4046.59
no_update cost 15842067.99 emergency 574236.05
all_A 2025-02-01 actual SOC 7551.588
all_A 2025-03-01 actual SOC 7503.367
all_A 2025-04-01 actual SOC 7481.32
all_A 2025-05-01 actual SOC 5464.132
all_A 2025-06-01 actual SOC 6767.8
all_A 2025-07-01 actual SOC 9818.342
all_A 2025-08-01 actual SOC 10653.955
all_A 2025-09-01 actual SOC 10800.0
all_A 2025-10-01 actual SOC 5908.054
all_A 2025-11-01 actual SOC 6813.871
all_A 2025-12-01 actual SOC 6812.938
all_A cost 13772880.06 emergency 125345.25
all_B 2025-02-01 actual SOC 7551.588
all_B 2025-03-01 actual SOC 7462.368
all_B 2025-04-01 actual SOC 7521.745
all_B 2025-05-01 actual SOC 5460.5
all_B 2025-06-01 actual SOC 6964.477
all_B 2025-07-01 actual SOC 9818.342
all_B 2025-08-01 actual SOC 10653.955
all_B 2025-09-01 actual SOC 10800.0
all_B 2025-10-01 actual SOC 5860.606
all_B 2025-11-01 actual SOC 6813.871
all_B 2025-12-01 actual SOC 6802.54
all_B cost 13765041.25 emergency 121548.11
only06_A 2025-02-01 actual SOC 7247.329
only06_A 2025-03-01 actual SOC 6134.59
only06_A 2025-04-01 actual SOC 5214.078
only06_A 2025-05-01 actual SOC 3693.384
only06_A 2025-06-01 actual SOC 5824.754
only06_A 2025-07-01 actual SOC 8361.139
only06_A 2025-08-01 actual SOC 9057.45
only06_A 2025-09-01 actual SOC 10800.0
only06_A 2025-10-01 actual SOC 5394.996
only06_A 2025-11-01 actual SOC 4943.77
only06_A 2025-12-01 actual SOC 4140.993
only06_A cost 15167392.95 emergency 394008.18
only12_A 2025-02-01 actual SOC 7405.105
only12_A 2025-03-01 actual SOC 6190.663
only12_A 2025-04-01 actual SOC 5166.652
only12_A 2025-05-01 actual SOC 3638.746
only12_A 2025-06-01 actual SOC 5029.884
only12_A 2025-07-01 actual SOC 8470.189
only12_A 2025-08-01 actual SOC 9009.216
only12_A 2025-09-01 actual SOC 10800.0
only12_A 2025-10-01 actual SOC 5341.344
only12_A 2025-11-01 actual SOC 5189.264
only12_A 2025-12-01 actual SOC 4404.519
only12_A cost 15067335.84 emergency 438816.9
only18_A 2025-02-01 actual SOC 7551.588
only18_A 2025-03-01 actual SOC 7456.641
only18_A 2025-04-01 actual SOC 7465.989
only18_A 2025-05-01 actual SOC 5450.219
only18_A 2025-06-01 actual SOC 6689.182
only18_A 2025-07-01 actual SOC 9818.342
only18_A 2025-08-01 actual SOC 10653.955
only18_A 2025-09-01 actual SOC 10800.0
only18_A 2025-10-01 actual SOC 5897.347
only18_A 2025-11-01 actual SOC 6813.871
only18_A 2025-12-01 actual SOC 6769.249
only18_A cost 14167394.07 emergency 211441.86
   policy  total_cost_yuan  saving_percent_vs_no_update  emergency_kwh
no_update     1.584207e+07                     0.000000  574236.045615
    all_A     1.377288e+07                    13.061350  125345.247630
    all_B     1.376504e+07                    13.110831  121548.107147
 only06_A     1.516739e+07                     4.258756  394008.182942
 only12_A     1.506734e+07                     4.890347  438816.904874
 only18_A     1.416739e+07                    10.571056  211441.859861
