数据目录： /Users/justingao/Documents/CUMCM/111/附件
         文件       工作表    行数   列数
0  附件1.xlsx    Sheet1   144    4
1  附件2.xlsx      小区负载   365  145
2  附件2.xlsx  光伏发电实际功率   365  145
3  附件3.xlsx    Sheet1  1460   26
4  附件4.xlsx    Sheet1   365  145
         时间      电价       小区负载  光伏发电预测功率
0  00:10:00  0.4248  3439.8466       0.0
1  00:20:00  0.4245  3437.9792       0.0
2  00:30:00  0.4269  3444.3031       0.0
3  00:40:00  0.4272  3454.4437       0.0
4  00:50:00  0.4271  3458.8273       0.0
   slot_id start_time end_time  price_yuan_per_kwh    load_kw  pv_forecast_kw  \
0        1      00:00    00:10              0.4248  3439.8466             0.0   
1        2      00:10    00:20              0.4245  3437.9792             0.0   
2        3      00:20    00:30              0.4269  3444.3031             0.0   
3        4      00:30    00:40              0.4272  3454.4437             0.0   
4        5      00:40    00:50              0.4271  3458.8273             0.0   

     load_kwh  pv_forecast_kwh  net_load_forecast_kwh  
0  573.307767              0.0             573.307767  
1  572.996533              0.0             572.996533  
2  574.050517              0.0             574.050517  
3  575.740617              0.0             575.740617  
4  576.471217              0.0             576.471217  
        date  slot_id  load_actual_kw        interval_end      interval_start  \
0 2025-01-01        1       3529.7296 2025-01-01 00:10:00 2025-01-01 00:00:00   
1 2025-01-01        2       3609.5287 2025-01-01 00:20:00 2025-01-01 00:10:00   
2 2025-01-01        3       3726.5600 2025-01-01 00:30:00 2025-01-01 00:20:00   
3 2025-01-01        4       3510.6311 2025-01-01 00:40:00 2025-01-01 00:30:00   
4 2025-01-01        5       3502.5625 2025-01-01 00:50:00 2025-01-01 00:40:00   

   pv_actual_kw  actual_price_yuan_per_kwh  fixed_price_yuan_per_kwh  \
0           0.0                     0.4527                    0.4248   
1           0.0                     0.4733                    0.4245   
2           0.0                     0.4843                    0.4269   
3           0.0                     0.4541                    0.4272   
4           0.0                     0.4266                    0.4271   

   load_actual_kwh  pv_actual_kwh  net_load_actual_kwh  
0       588.288267            0.0           588.288267  
1       601.588117            0.0           601.588117  
2       621.093333            0.0           621.093333  
3       585.105183            0.0           585.105183  
4       583.760417            0.0           583.760417  
  issue_time  horizon_h  pv_forecast_kw         target_time
0 2025-01-01          1             0.0 2025-01-01 01:00:00
1 2025-01-01          2             0.0 2025-01-01 02:00:00
2 2025-01-01          3             0.0 2025-01-01 03:00:00
3 2025-01-01          4             0.0 2025-01-01 04:00:00
4 2025-01-01          5             0.0 2025-01-01 05:00:00
可用历史行数： 4464
     issue_time  horizon_h  pv_forecast_kw         target_time
2995 2025-02-01         20             0.0 2025-02-01 20:00:00
2996 2025-02-01         21             0.0 2025-02-01 21:00:00
2997 2025-02-01         22             0.0 2025-02-01 22:00:00
2998 2025-02-01         23             0.0 2025-02-01 23:00:00
2999 2025-02-01         24             0.0 2025-02-02 00:00:00
暂不导出；将 EXPORT 改为 True 后运行本格即可。
            load_actual_kwh  pv_actual_kwh
date                                      
2025-01-01    127286.152383   35250.982367
2025-01-02    127657.078483   34771.839217
2025-01-03     81883.556717   36378.615350
2025-01-04     81891.730067   37126.127700
2025-01-05    127674.118833   36638.408533
