CUMCM2026Problems/C题/附件/附件1.xlsx
Sheet1 [145, 4] types= {'str': 88, 'time': 60, 'float': 377, 'int': 55}
first= [('时间', '电价', '小区负载', '光伏发电预测功率'), (datetime.time(0, 10), 0.4248, 3439.8466, 0), (datetime.time(0, 20), 0.4245, 3437.9792, 0)]
last= ('0:00+1', 0.4276, 3444.7259, 0)
CUMCM2026Problems/C题/附件/附件2.xlsx
小区负载 [366, 145] types= {'str': 2, 'time': 143, 'datetime': 365, 'float': 52387, 'int': 173}
first= [('日期\\时间', datetime.time(0, 10), datetime.time(0, 20), datetime.time(0, 30), datetime.time(0, 40), datetime.time(0, 50), datetime.time(1, 0), datetime.time(1, 10), datetime.time(1, 20), datetime.time(1, 30), datetime.time(1, 40), datetime.time(1, 50), datetime.time(2, 0), datetime.time(2, 10), datetime.time(2, 20), datetime.time(2, 30), datetime.time(2, 40), datetime.time(2, 50), datetime.time(3, 0), datetime.time(3, 10), datetime.time(3, 20), datetime.time(3, 30), datetime.time(3, 40), datetime.time(3, 50), datetime.time(4, 0), datetime.time(4, 10), datetime.time(4, 20), datetime.time(4, 30), datetime.time(4, 40), datetime.time(4, 50), datetime.time(5, 0), datetime.time(5, 10), datetime.time(5, 20), datetime.time(5, 30), datetime.time(5, 40), datetime.time(5, 50), datetime.time(6, 0), datetime.time(6, 10), datetime.time(6, 20), datetime.time(6, 30), datetime.time(6, 40), datetime.time(6, 50), datetime.time(7, 0), datetime.time(7, 10), datetime.time(7, 20), datetime.time(7, 30), datetime.time(7, 40), datetime.time(7, 50), datetime.time(8, 0), datetime.time(8, 10), datetime.time(8, 2
last= (datetime.datetime(2025, 12, 31, 0, 0), 3657.9857, 3663.9225, 3437.29, 3583.7608, 3556.5691, 3387.9, 3661.0083, 3701.6689, 3546.48, 3900.1406, 4042.7868, 3850.42, 3922.4332, 3919.928, 3751.51, 3747.6566, 3946.5163, 4099.23, 3919.889, 3791.6849, 3886.32, 3993.2
光伏发电实际功率 [366, 145] types= {'str': 2, 'time': 143, 'datetime': 365, 'int': 23654, 'float': 28906}
first= [('日期\\时间', datetime.time(0, 10), datetime.time(0, 20), datetime.time(0, 30), datetime.time(0, 40), datetime.time(0, 50), datetime.time(1, 0), datetime.time(1, 10), datetime.time(1, 20), datetime.time(1, 30), datetime.time(1, 40), datetime.time(1, 50), datetime.time(2, 0), datetime.time(2, 10), datetime.time(2, 20), datetime.time(2, 30), datetime.time(2, 40), datetime.time(2, 50), datetime.time(3, 0), datetime.time(3, 10), datetime.time(3, 20), datetime.time(3, 30), datetime.time(3, 40), datetime.time(3, 50), datetime.time(4, 0), datetime.time(4, 10), datetime.time(4, 20), datetime.time(4, 30), datetime.time(4, 40), datetime.time(4, 50), datetime.time(5, 0), datetime.time(5, 10), datetime.time(5, 20), datetime.time(5, 30), datetime.time(5, 40), datetime.time(5, 50), datetime.time(6, 0), datetime.time(6, 10), datetime.time(6, 20), datetime.time(6, 30), datetime.time(6, 40), datetime.time(6, 50), datetime.time(7, 0), datetime.time(7, 10), datetime.time(7, 20), datetime.time(7, 30), datetime.time(7, 40), datetime.time(7, 50), datetime.time(8, 0), datetime.time(8, 10), datetime.time(8, 2
last= (datetime.datetime(2025, 12, 31, 0, 0), 0, 0, 0, 0, 0, 0, 0, 0, 0, 0, 0, 0, 0, 0, 0, 0, 0, 0, 0, 0, 0, 0, 0, 0, 0, 0, 0, 0, 0, 0, 0.0025, 0, 0, 0.0353, 0, 0, 0.4913, 0, 0, 6.8432, 0, 0.75, 195.9633, 475.9704, 751.8, 1011.9312, 1305.5345, 1635.525, 1941.7988, 2
CUMCM2026Problems/C题/附件/附件3.xlsx
Sheet1 [1461, 26] types= {'str': 1851, 'int': 17554, 'float': 17486}
first= [('日期', '预报时刻', '预报1小时', '预报2小时', '预报3小时', '预报4小时', '预报5小时', '预报6小时', '预报7小时', '预报8小时', '预报9小时', '预报10小时', '预报11小时', '预报12小时', '预报13小时', '预报14小时', '预报15小时', '预报16小时', '预报17小时', '预报18小时', '预报19小时', '预报20小时', '预报21小时', '预报22小时', '预报23小时', '预报24小时'), ('2025-1-1', '0:00', 0, 0, 0, 0, 0, 0, 3.1173, 1603.3305, 3409.0929, 4871.2875, 5785.111, 5737.1717, 6047.3964, 4687.1165, 3572.6529, 1629.9964, 3.1956, 0, 0, 0, 0, 0, 0, 0), ('', '6:00', 3.0919, 1588.7839, 3297.9893, 4692.2274, 5220.3894, 5078.6992, 5314.2003, 4833.7142, 3588.0375, 1660.0369, 3.0359, 0, 0, 0, 0, 0, 0, 0, 0, 0, 0, 0, 0, 0)]
last= ('', '18:00', 0, 0, 0, 0, 0, 0, 0, 0, 0, 0, 0, 0, 0.693, 1507.4644, 3729.0375, 5036.0625, 6222.8055, 6505.5081, 5981.55, 4577.1388, 2956.0866, 1671.3, 0.6958, 0)
CUMCM2026Problems/C题/附件/附件4.xlsx
Sheet1 [366, 145] types= {'str': 2, 'time': 143, 'datetime': 365, 'float': 52555, 'int': 5}
first= [('日期\\时间', datetime.time(0, 10), datetime.time(0, 20), datetime.time(0, 30), datetime.time(0, 40), datetime.time(0, 50), datetime.time(1, 0), datetime.time(1, 10), datetime.time(1, 20), datetime.time(1, 30), datetime.time(1, 40), datetime.time(1, 50), datetime.time(2, 0), datetime.time(2, 10), datetime.time(2, 20), datetime.time(2, 30), datetime.time(2, 40), datetime.time(2, 50), datetime.time(3, 0), datetime.time(3, 10), datetime.time(3, 20), datetime.time(3, 30), datetime.time(3, 40), datetime.time(3, 50), datetime.time(4, 0), datetime.time(4, 10), datetime.time(4, 20), datetime.time(4, 30), datetime.time(4, 40), datetime.time(4, 50), datetime.time(5, 0), datetime.time(5, 10), datetime.time(5, 20), datetime.time(5, 30), datetime.time(5, 40), datetime.time(5, 50), datetime.time(6, 0), datetime.time(6, 10), datetime.time(6, 20), datetime.time(6, 30), datetime.time(6, 40), datetime.time(6, 50), datetime.time(7, 0), datetime.time(7, 10), datetime.time(7, 20), datetime.time(7, 30), datetime.time(7, 40), datetime.time(7, 50), datetime.time(8, 0), datetime.time(8, 10), datetime.time(8, 2
last= (datetime.datetime(2025, 12, 31, 0, 0), 0.4993, 0.4961, 0.3954, 0.3932, 0.4065, 0.406, 0.4544, 0.4799, 0.4552, 0.4269, 0.4183, 0.4463, 0.5016, 0.4754, 0.4108, 0.4612, 0.5149, 0.4945, 0.4412, 0.4549, 0.5061, 0.4746, 0.4448, 0.4549, 0.4611, 0.4832, 0.4987, 0.462
CUMCM2026Problems/C题/附件/附件5/result1.xlsx
计划购电量 [145, 2] types= {'str': 146}
first= [('时间段', '购电量'), ('0:10-0:20', None), ('0:20-0:30', None)]
last= ('0:00+1-0:10+1', None)
充放电量 [7, 5] types= {'str': 13}
first= [('时间段', '充电量', '放电量', '时刻', '储电量'), ('0:00-4:00', None, None, '0:00', None), ('4:00-8:00', None, None, '24:00', None)]
last= ('20:00-24:00', None, None, None, None)
CUMCM2026Problems/C题/附件/附件5/result2.xlsx
计划购电量 [335, 147] types= {'str': 147, 'datetime': 334}
first= [('日期\\时间', '0:10-0:20', '0:20-0:30', '0:30-0:40', '0:40-0:50', '0:50-1:00', '1:00-1:10', '1:10-1:20', '1:20-1:30', '1:30-1:40', '1:40-1:50', '1:50-2:00', '2:00-2:10', '2:10-2:20', '2:20-2:30', '2:30-2:40', '2:40-2:50', '2:50-3:00', '3:00-3:10', '3:10-3:20', '3:20-3:30', '3:30-3:40', '3:40-3:50', '3:50-4:00', '4:00-4:10', '4:10-4:20', '4:20-4:30', '4:30-4:40', '4:40-4:50', '4:50-5:00', '5:00-5:10', '5:10-5:20', '5:20-5:30', '5:30-5:40', '5:40-5:50', '5:50-6:00', '6:00-6:10', '6:10-6:20', '6:20-6:30', '6:30-6:40', '6:40-6:50', '6:50-7:00', '7:0-7:10', '7:10-7:20', '7:20-7:30', '7:30-7:40', '7:40-7:50', '7:50-8:00', '8:00-8:10', '8:10-8:20', '8:20-8:30', '8:30-8:40', '8:40-8:50', '8:50-9:00', '9:00-9:10', '9:10-9:20', '9:20-9:30', '9:30-9:40', '9:40-9:50', '9:50-10:00', '10:00-10:10', '10:10-10:20', '10:20-10:30', '10:30-10:40', '10:40-10:50', '10:50-11:00', '11:00-11:10', '11:10-11:20', '11:20-11:30', '11:30-11:40', '11:40-11:50', '11:50-12:00', '12:00-12:10', '12:10-12:20', '12:20-12:30', '12:30-12:40', '12:40-12:50', '12:50-13:00', '13:00-13:10', '13:10-13:20', '13:20-13:30', '13:30
last= (datetime.datetime(2025, 12, 31, 0, 0), None, None, None, None, None, None, None, None, None, None, None, None, None, None, None, None, None, None, None, None, None, None, None, None, None, None, None, None, None, None, None, None, None, None, None, None, None
充放电量 [20, 6] types= {'str': 33, 'datetime': 3, 'time': 3}
first= [('日期', '时间段', '充电量', '放电量', '时刻', '储电量'), (datetime.datetime(2025, 2, 1, 0, 0), '0:00-4:00', None, None, datetime.time(0, 0), None), (None, '4:00-8:00', None, None, '24:00', None)]
last= (None, '20:00-24:00', None, None, None, None)
紧急购电量 [11, 3] types= {'str': 6, 'datetime': 3}
first= [('日期', '购电时间段', '购电量'), (datetime.datetime(2025, 2, 1, 0, 0), None, None), (None, None, None)]
last= (None, None, None)
CUMCM2026Problems/C题/附件/附件5/result3.xlsx
计划购电量 [335, 147] types= {'str': 147, 'datetime': 334}
first= [('日期\\时间', '0:10-0:20', '0:20-0:30', '0:30-0:40', '0:40-0:50', '0:50-1:00', '1:00-1:10', '1:10-1:20', '1:20-1:30', '1:30-1:40', '1:40-1:50', '1:50-2:00', '2:00-2:10', '2:10-2:20', '2:20-2:30', '2:30-2:40', '2:40-2:50', '2:50-3:00', '3:00-3:10', '3:10-3:20', '3:20-3:30', '3:30-3:40', '3:40-3:50', '3:50-4:00', '4:00-4:10', '4:10-4:20', '4:20-4:30', '4:30-4:40', '4:40-4:50', '4:50-5:00', '5:00-5:10', '5:10-5:20', '5:20-5:30', '5:30-5:40', '5:40-5:50', '5:50-6:00', '6:00-6:10', '6:10-6:20', '6:20-6:30', '6:30-6:40', '6:40-6:50', '6:50-7:00', '7:0-7:10', '7:10-7:20', '7:20-7:30', '7:30-7:40', '7:40-7:50', '7:50-8:00', '8:00-8:10', '8:10-8:20', '8:20-8:30', '8:30-8:40', '8:40-8:50', '8:50-9:00', '9:00-9:10', '9:10-9:20', '9:20-9:30', '9:30-9:40', '9:40-9:50', '9:50-10:00', '10:00-10:10', '10:10-10:20', '10:20-10:30', '10:30-10:40', '10:40-10:50', '10:50-11:00', '11:00-11:10', '11:10-11:20', '11:20-11:30', '11:30-11:40', '11:40-11:50', '11:50-12:00', '12:00-12:10', '12:10-12:20', '12:20-12:30', '12:30-12:40', '12:40-12:50', '12:50-13:00', '13:00-13:10', '13:10-13:20', '13:20-13:30', '13:30
last= (datetime.datetime(2025, 12, 31, 0, 0), None, None, None, None, None, None, None, None, None, None, None, None, None, None, None, None, None, None, None, None, None, None, None, None, None, None, None, None, None, None, None, None, None, None, None, None, None
调整购电量 [335, 147] types= {'str': 147, 'datetime': 334}
first= [('日期\\时间', '0:10-0:20', '0:20-0:30', '0:30-0:40', '0:40-0:50', '0:50-1:00', '1:00-1:10', '1:10-1:20', '1:20-1:30', '1:30-1:40', '1:40-1:50', '1:50-2:00', '2:00-2:10', '2:10-2:20', '2:20-2:30', '2:30-2:40', '2:40-2:50', '2:50-3:00', '3:00-3:10', '3:10-3:20', '3:20-3:30', '3:30-3:40', '3:40-3:50', '3:50-4:00', '4:00-4:10', '4:10-4:20', '4:20-4:30', '4:30-4:40', '4:40-4:50', '4:50-5:00', '5:00-5:10', '5:10-5:20', '5:20-5:30', '5:30-5:40', '5:40-5:50', '5:50-6:00', '6:00-6:10', '6:10-6:20', '6:20-6:30', '6:30-6:40', '6:40-6:50', '6:50-7:00', '7:0-7:10', '7:10-7:20', '7:20-7:30', '7:30-7:40', '7:40-7:50', '7:50-8:00', '8:00-8:10', '8:10-8:20', '8:20-8:30', '8:30-8:40', '8:40-8:50', '8:50-9:00', '9:00-9:10', '9:10-9:20', '9:20-9:30', '9:30-9:40', '9:40-9:50', '9:50-10:00', '10:00-10:10', '10:10-10:20', '10:20-10:30', '10:30-10:40', '10:40-10:50', '10:50-11:00', '11:00-11:10', '11:10-11:20', '11:20-11:30', '11:30-11:40', '11:40-11:50', '11:50-12:00', '12:00-12:10', '12:10-12:20', '12:20-12:30', '12:30-12:40', '12:40-12:50', '12:50-13:00', '13:00-13:10', '13:10-13:20', '13:20-13:30', '13:30
last= (datetime.datetime(2025, 12, 31, 0, 0), None, None, None, None, None, None, None, None, None, None, None, None, None, None, None, None, None, None, None, None, None, None, None, None, None, None, None, None, None, None, None, None, None, None, None, None, None
充放电量 [26, 6] types= {'str': 40, 'datetime': 4, 'time': 4}
first= [('日期', '时间段', '充电量', '放电量', '时刻', '储电量'), (datetime.datetime(2025, 2, 1, 0, 0), '0:00-4:00', None, None, datetime.time(0, 0), None), (None, '4:00-8:00', None, None, '24:00', None)]
last= (None, '20:00-24:00', None, None, None, None)
紧急购电量 [11, 3] types= {'str': 6, 'datetime': 3}
first= [('日期', '购电时间段', '购电量'), (datetime.datetime(2025, 2, 1, 0, 0), None, None), (None, None, None)]
last= (None, None, None)
CUMCM2026Problems/C题/附件/附件5/result4-2.xlsx
计划购电量 [335, 147] types= {'str': 147, 'datetime': 334}
first= [('日期\\时间', '0:10-0:20', '0:20-0:30', '0:30-0:40', '0:40-0:50', '0:50-1:00', '1:00-1:10', '1:10-1:20', '1:20-1:30', '1:30-1:40', '1:40-1:50', '1:50-2:00', '2:00-2:10', '2:10-2:20', '2:20-2:30', '2:30-2:40', '2:40-2:50', '2:50-3:00', '3:00-3:10', '3:10-3:20', '3:20-3:30', '3:30-3:40', '3:40-3:50', '3:50-4:00', '4:00-4:10', '4:10-4:20', '4:20-4:30', '4:30-4:40', '4:40-4:50', '4:50-5:00', '5:00-5:10', '5:10-5:20', '5:20-5:30', '5:30-5:40', '5:40-5:50', '5:50-6:00', '6:00-6:10', '6:10-6:20', '6:20-6:30', '6:30-6:40', '6:40-6:50', '6:50-7:00', '7:0-7:10', '7:10-7:20', '7:20-7:30', '7:30-7:40', '7:40-7:50', '7:50-8:00', '8:00-8:10', '8:10-8:20', '8:20-8:30', '8:30-8:40', '8:40-8:50', '8:50-9:00', '9:00-9:10', '9:10-9:20', '9:20-9:30', '9:30-9:40', '9:40-9:50', '9:50-10:00', '10:00-10:10', '10:10-10:20', '10:20-10:30', '10:30-10:40', '10:40-10:50', '10:50-11:00', '11:00-11:10', '11:10-11:20', '11:20-11:30', '11:30-11:40', '11:40-11:50', '11:50-12:00', '12:00-12:10', '12:10-12:20', '12:20-12:30', '12:30-12:40', '12:40-12:50', '12:50-13:00', '13:00-13:10', '13:10-13:20', '13:20-13:30', '13:30
last= (datetime.datetime(2025, 12, 31, 0, 0), None, None, None, None, None, None, None, None, None, None, None, None, None, None, None, None, None, None, None, None, None, None, None, None, None, None, None, None, None, None, None, None, None, None, None, None, None
充放电量 [20, 6] types= {'str': 33, 'datetime': 3, 'time': 3}
first= [('日期', '时间段', '充电量', '放电量', '时刻', '储电量'), (datetime.datetime(2025, 2, 1, 0, 0), '0:00-4:00', None, None, datetime.time(0, 0), None), (None, '4:00-8:00', None, None, '24:00', None)]
last= (None, '20:00-24:00', None, None, None, None)
紧急购电量 [11, 3] types= {'str': 6, 'datetime': 3}
first= [('日期', '购电时间段', '购电量'), (datetime.datetime(2025, 2, 1, 0, 0), None, None), (None, None, None)]
last= (None, None, None)
CUMCM2026Problems/C题/附件/附件5/result4-3.xlsx
计划购电量 [335, 147] types= {'str': 147, 'datetime': 334}
first= [('日期\\时间', '0:10-0:20', '0:20-0:30', '0:30-0:40', '0:40-0:50', '0:50-1:00', '1:00-1:10', '1:10-1:20', '1:20-1:30', '1:30-1:40', '1:40-1:50', '1:50-2:00', '2:00-2:10', '2:10-2:20', '2:20-2:30', '2:30-2:40', '2:40-2:50', '2:50-3:00', '3:00-3:10', '3:10-3:20', '3:20-3:30', '3:30-3:40', '3:40-3:50', '3:50-4:00', '4:00-4:10', '4:10-4:20', '4:20-4:30', '4:30-4:40', '4:40-4:50', '4:50-5:00', '5:00-5:10', '5:10-5:20', '5:20-5:30', '5:30-5:40', '5:40-5:50', '5:50-6:00', '6:00-6:10', '6:10-6:20', '6:20-6:30', '6:30-6:40', '6:40-6:50', '6:50-7:00', '7:0-7:10', '7:10-7:20', '7:20-7:30', '7:30-7:40', '7:40-7:50', '7:50-8:00', '8:00-8:10', '8:10-8:20', '8:20-8:30', '8:30-8:40', '8:40-8:50', '8:50-9:00', '9:00-9:10', '9:10-9:20', '9:20-9:30', '9:30-9:40', '9:40-9:50', '9:50-10:00', '10:00-10:10', '10:10-10:20', '10:20-10:30', '10:30-10:40', '10:40-10:50', '10:50-11:00', '11:00-11:10', '11:10-11:20', '11:20-11:30', '11:30-11:40', '11:40-11:50', '11:50-12:00', '12:00-12:10', '12:10-12:20', '12:20-12:30', '12:30-12:40', '12:40-12:50', '12:50-13:00', '13:00-13:10', '13:10-13:20', '13:20-13:30', '13:30
last= (datetime.datetime(2025, 12, 31, 0, 0), None, None, None, None, None, None, None, None, None, None, None, None, None, None, None, None, None, None, None, None, None, None, None, None, None, None, None, None, None, None, None, None, None, None, None, None, None
调整购电量 [335, 147] types= {'str': 147, 'datetime': 334}
first= [('日期\\时间', '0:10-0:20', '0:20-0:30', '0:30-0:40', '0:40-0:50', '0:50-1:00', '1:00-1:10', '1:10-1:20', '1:20-1:30', '1:30-1:40', '1:40-1:50', '1:50-2:00', '2:00-2:10', '2:10-2:20', '2:20-2:30', '2:30-2:40', '2:40-2:50', '2:50-3:00', '3:00-3:10', '3:10-3:20', '3:20-3:30', '3:30-3:40', '3:40-3:50', '3:50-4:00', '4:00-4:10', '4:10-4:20', '4:20-4:30', '4:30-4:40', '4:40-4:50', '4:50-5:00', '5:00-5:10', '5:10-5:20', '5:20-5:30', '5:30-5:40', '5:40-5:50', '5:50-6:00', '6:00-6:10', '6:10-6:20', '6:20-6:30', '6:30-6:40', '6:40-6:50', '6:50-7:00', '7:0-7:10', '7:10-7:20', '7:20-7:30', '7:30-7:40', '7:40-7:50', '7:50-8:00', '8:00-8:10', '8:10-8:20', '8:20-8:30', '8:30-8:40', '8:40-8:50', '8:50-9:00', '9:00-9:10', '9:10-9:20', '9:20-9:30', '9:30-9:40', '9:40-9:50', '9:50-10:00', '10:00-10:10', '10:10-10:20', '10:20-10:30', '10:30-10:40', '10:40-10:50', '10:50-11:00', '11:00-11:10', '11:10-11:20', '11:20-11:30', '11:30-11:40', '11:40-11:50', '11:50-12:00', '12:00-12:10', '12:10-12:20', '12:20-12:30', '12:30-12:40', '12:40-12:50', '12:50-13:00', '13:00-13:10', '13:10-13:20', '13:20-13:30', '13:30
last= (datetime.datetime(2025, 12, 31, 0, 0), None, None, None, None, None, None, None, None, None, None, None, None, None, None, None, None, None, None, None, None, None, None, None, None, None, None, None, None, None, None, None, None, None, None, None, None, None
充放电量 [26, 6] types= {'str': 40, 'datetime': 4, 'time': 4}
first= [('日期', '时间段', '充电量', '放电量', '时刻', '储电量'), (datetime.datetime(2025, 2, 1, 0, 0), '0:00-4:00', None, None, datetime.time(0, 0), None), (None, '4:00-8:00', None, None, '24:00', None)]
last= (None, '20:00-24:00', None, None, None, None)
紧急购电量 [11, 3] types= {'str': 6, 'datetime': 3}
first= [('日期', '购电时间段', '购电量'), (datetime.datetime(2025, 2, 1, 0, 0), None, None), (None, None, None)]
last= (None, None, None)
Inspection saved; original files opened read-only.
