DONE q3_raw 159309.52708484922 0.0
DONE q3_raw 694621.1342087332 474023.5183427748
DONE q3_raw 290499.63700884394 97104.98119586281
DONE q3_raw 175636.36416991393 14991.459481543305
DONE q3_raw 159309.52708484922 0.0
DONE q42_fixed 190391.18453543115 0.0
DONE q42_fixed 897264.3550871552 683735.5284101847
DONE q42_fixed 399649.9561264114 205653.27479017145
DONE q42_fixed 190391.18453543115 0.0
DONE q42_fixed 227759.1557332927 0.0
DONE q43_raw_ols 186290.45517622394 0.0
DONE q43_raw_ols 801455.5059465651 542360.0225244531
DONE q43_raw_ols 333065.994190383 106049.40048438322
DONE q43_raw_ols 204803.79413351696 16646.845704433945
DONE q43_raw_ols 223396.87270186847 0.0
DONE q42_ols 193621.1370253868 0.0
DONE q42_ols 898196.2971119161 682836.5730680919
DONE q42_ols 396214.4596864798 199425.39764039867
DONE q42_ols 193621.1370253868 0.0
DONE q42_ols 231815.07081168675 0.0
