{"q3": "q3_raw", "q42": "q42_fixed", "q43": "q43_raw_ols", "q2": "Q2_D112", "q1": "baseline"}
           policy branch  contract_cost_yuan  emergency_cost_yuan  total_cost_yuan  emergency_margin_yuan  final_energy_kwh  optimizer_non_success_count
     q3_no_update     q3        1.335274e+07         6.399472e+05     1.399269e+07           3.600528e+05       2640.290344                        535.0
           q3_soc     q3        1.343004e+07         2.770732e+05     1.370711e+07           7.229268e+05       2431.385101                       1471.0
           q3_raw     q3        1.326231e+07         2.995277e+05     1.356183e+07           7.004723e+05       2441.694979                       1445.0
           q3_w28     q3        1.328683e+07         2.780401e+05     1.356487e+07           7.219599e+05       2352.252015                       1435.0
          q42_ols    q42        1.381762e+07         8.678789e+05     1.468550e+07           1.321211e+05       3267.838635                        587.0
        q42_fixed    q42        1.380752e+07         8.710203e+05     1.467854e+07           1.289797e+05       3139.663254                        562.0
      q43_raw_ols    q43        1.399431e+07         3.275447e+05     1.432186e+07           6.724553e+05       2387.061217                       1416.0
      q43_w28_ols    q43        1.401771e+07         3.074405e+05     1.432515e+07           6.925595e+05       2361.785826                       1410.0
    q43_raw_fixed    q43        1.400718e+07         3.278655e+05     1.433505e+07           6.721345e+05       2441.694979                       1445.0
    q43_w28_fixed    q43        1.403168e+07         3.072049e+05     1.433889e+07           6.927951e+05       2352.252015                       1435.0
          Q2_D112     q2        1.307524e+07         8.386555e+05     1.391389e+07           1.613445e+05       3139.663254                        562.0
            Q2_B0     q2        1.198783e+07         4.345852e+06     1.633368e+07          -3.345852e+06       2723.620153                          NaN
            Q2_B1     q2        1.226366e+07         3.114550e+06     1.537821e+07          -2.114550e+06       6434.175697                          NaN
       Q2_v3_best     q2        1.334999e+07         6.442922e+05     1.399428e+07           3.557078e+05       2441.729981                          NaN
   Q2_D56_risk625     q2        1.330589e+07         6.385390e+05     1.394443e+07           3.614610e+05       2060.384331                        435.0
 old_q3_no_update     q3        1.228158e+07         3.560483e+06     1.584207e+07          -2.560483e+06       4391.083958                          NaN
       old_q3_soc     q3        1.312080e+07         8.135596e+05     1.393436e+07           1.864404e+05       7142.847440                          NaN
       old_q3_raw     q3        1.305360e+07         7.192811e+05     1.377288e+07           2.807189e+05       7173.092755                          NaN
       old_q3_w28     q3        1.306687e+07         6.598595e+05     1.372673e+07           3.401405e+05       7114.890175                          NaN
      old_q42_ols    q42        1.268318e+07         4.347698e+06     1.703088e+07          -3.347698e+06       3056.772121                          NaN
    old_q42_fixed    q42        1.267626e+07         4.397486e+06     1.707374e+07          -3.397486e+06       2723.620153                          NaN
  old_q43_raw_ols    q43        1.379585e+07         7.382116e+05     1.453406e+07           2.617884e+05       7804.593372                          NaN
  old_q43_w28_ols    q43        1.381320e+07         6.790759e+05     1.449228e+07           3.209241e+05       7804.649181                          NaN
old_q43_raw_fixed    q43        1.378201e+07         7.458683e+05     1.452788e+07           2.541317e+05       7173.092755                          NaN
