q3_no_update 2025-02-01 seconds 0.07
q3_no_update 2025-03-01 seconds 1.89
q3_no_update 2025-04-01 seconds 4.35
q3_no_update 2025-05-01 seconds 7.15
q3_no_update 2025-06-01 seconds 10.16
q3_no_update 2025-07-01 seconds 12.96
q3_no_update 2025-08-01 seconds 15.76
q3_no_update 2025-09-01 seconds 18.67
q3_no_update 2025-10-01 seconds 21.55
q3_no_update 2025-11-01 seconds 24.49
q3_no_update 2025-12-01 seconds 27.26
DONE q3_no_update 13992686.861414928 639947.2330856741
q3_soc 2025-02-01 seconds 0.17
q3_soc 2025-03-01 seconds 5.86
q3_soc 2025-04-01 seconds 12.63
q3_soc 2025-05-01 seconds 20.42
q3_soc 2025-06-01 seconds 28.55
q3_soc 2025-07-01 seconds 37.16
q3_soc 2025-08-01 seconds 46.22
q3_soc 2025-09-01 seconds 55.29
q3_soc 2025-10-01 seconds 64.03
q3_soc 2025-11-01 seconds 73.06
q3_soc 2025-12-01 seconds 81.72
DONE q3_soc 13707113.120146785 277073.19420576055
q3_raw 2025-02-01 seconds 0.19
q3_raw 2025-03-01 seconds 6.24
q3_raw 2025-04-01 seconds 13.87
q3_raw 2025-05-01 seconds 22.12
q3_raw 2025-06-01 seconds 30.94
q3_raw 2025-07-01 seconds 39.99
q3_raw 2025-08-01 seconds 48.79
q3_raw 2025-09-01 seconds 58.01
q3_raw 2025-10-01 seconds 67.06
q3_raw 2025-11-01 seconds 76.22
q3_raw 2025-12-01 seconds 84.82
DONE q3_raw 13561833.453413954 299527.6520275879
q3_w28 2025-02-01 seconds 0.2
q3_w28 2025-03-01 seconds 6.18
q3_w28 2025-04-01 seconds 13.84
q3_w28 2025-05-01 seconds 22.29
q3_w28 2025-06-01 seconds 31.41
q3_w28 2025-07-01 seconds 40.39
q3_w28 2025-08-01 seconds 49.36
q3_w28 2025-09-01 seconds 58.53
q3_w28 2025-10-01 seconds 67.14
q3_w28 2025-11-01 seconds 76.13
q3_w28 2025-12-01 seconds 84.79
DONE q3_w28 13564870.381683389 278040.0911821718
q42_ols 2025-02-01 seconds 0.07
q42_ols 2025-03-01 seconds 2.08
q42_ols 2025-04-01 seconds 4.73
q42_ols 2025-05-01 seconds 7.71
q42_ols 2025-06-01 seconds 10.88
q42_ols 2025-07-01 seconds 13.94
q42_ols 2025-08-01 seconds 17.12
q42_ols 2025-09-01 seconds 20.22
q42_ols 2025-10-01 seconds 23.2
q42_ols 2025-11-01 seconds 26.48
q42_ols 2025-12-01 seconds 29.6
DONE q42_ols 14685497.292798627 867878.9029402307
q42_fixed 2025-02-01 seconds 0.07
q42_fixed 2025-03-01 seconds 2.24
q42_fixed 2025-04-01 seconds 4.99
q42_fixed 2025-05-01 seconds 8.07
q42_fixed 2025-06-01 seconds 11.24
q42_fixed 2025-07-01 seconds 14.26
q42_fixed 2025-08-01 seconds 17.3
q42_fixed 2025-09-01 seconds 20.41
q42_fixed 2025-10-01 seconds 23.5
q42_fixed 2025-11-01 seconds 26.75
q42_fixed 2025-12-01 seconds 29.8
DONE q42_fixed 14678539.461690612 871020.2966258399
q43_raw_ols 2025-02-01 seconds 0.24
q43_raw_ols 2025-03-01 seconds 6.24
q43_raw_ols 2025-04-01 seconds 13.82
q43_raw_ols 2025-05-01 seconds 22.14
q43_raw_ols 2025-06-01 seconds 31.24
q43_raw_ols 2025-07-01 seconds 39.85
q43_raw_ols 2025-08-01 seconds 48.84
q43_raw_ols 2025-09-01 seconds 57.91
q43_raw_ols 2025-10-01 seconds 66.76
q43_raw_ols 2025-11-01 seconds 75.62
q43_raw_ols 2025-12-01 seconds 83.9
DONE q43_raw_ols 14321858.370546076 327544.72247310117
q43_w28_ols 2025-02-01 seconds 0.25
q43_w28_ols 2025-03-01 seconds 6.22
q43_w28_ols 2025-04-01 seconds 13.8
q43_w28_ols 2025-05-01 seconds 22.18
q43_w28_ols 2025-06-01 seconds 31.44
q43_w28_ols 2025-07-01 seconds 40.28
q43_w28_ols 2025-08-01 seconds 49.38
q43_w28_ols 2025-09-01 seconds 58.73
q43_w28_ols 2025-10-01 seconds 67.56
q43_w28_ols 2025-11-01 seconds 76.5
q43_w28_ols 2025-12-01 seconds 85.01
DONE q43_w28_ols 14325147.63326037 307440.51003941335
q43_raw_fixed 2025-02-01 seconds 0.19
q43_raw_fixed 2025-03-01 seconds 6.08
q43_raw_fixed 2025-04-01 seconds 13.68
q43_raw_fixed 2025-05-01 seconds 21.97
q43_raw_fixed 2025-06-01 seconds 30.72
q43_raw_fixed 2025-07-01 seconds 39.72
q43_raw_fixed 2025-08-01 seconds 48.54
q43_raw_fixed 2025-09-01 seconds 57.67
q43_raw_fixed 2025-10-01 seconds 66.61
q43_raw_fixed 2025-11-01 seconds 75.72
q43_raw_fixed 2025-12-01 seconds 84.4
DONE q43_raw_fixed 14335049.532332055 327865.504202347
q43_w28_fixed 2025-02-01 seconds 0.21
q43_w28_fixed 2025-03-01 seconds 6.11
q43_w28_fixed 2025-04-01 seconds 13.74
q43_w28_fixed 2025-05-01 seconds 21.93
q43_w28_fixed 2025-06-01 seconds 31.14
q43_w28_fixed 2025-07-01 seconds 40.22
q43_w28_fixed 2025-08-01 seconds 49.34
q43_w28_fixed 2025-09-01 seconds 58.65
q43_w28_fixed 2025-10-01 seconds 67.48
q43_w28_fixed 2025-11-01 seconds 76.7
q43_w28_fixed 2025-12-01 seconds 85.6
DONE q43_w28_fixed 14338888.964007543 307204.8545824839
