T_day_trim 2025-02-01 cumulative_cost 21508.502170981115
T_day_trim 2025-03-03 cumulative_cost 1345867.0391970237
T_day_trim 2025-04-02 cumulative_cost 2430914.8853047807
T_day_trim 2025-05-02 cumulative_cost 3375539.584598753
T_day_trim 2025-06-01 cumulative_cost 4404940.80210061
T_day_trim 2025-07-01 cumulative_cost 5884432.4148089895
T_day_trim 2025-07-31 cumulative_cost 7399014.01592573
T_day_trim 2025-08-30 cumulative_cost 8649307.163511066
T_day_trim 2025-09-29 cumulative_cost 9823232.521415215
T_day_trim 2025-10-29 cumulative_cost 10940445.235940838
T_day_trim 2025-11-28 cumulative_cost 12192754.043477988
T_day_trim 2025-12-28 cumulative_cost 13838972.42739055
DONE runs T_day_trim 14029592.861741308 853532.1015871086
T_evening_hedge 2025-02-01 cumulative_cost 22453.402544735407
T_evening_hedge 2025-03-03 cumulative_cost 1348291.7858074077
T_evening_hedge 2025-04-02 cumulative_cost 2433933.9314552215
T_evening_hedge 2025-05-02 cumulative_cost 3373911.5084591177
T_evening_hedge 2025-06-01 cumulative_cost 4407430.982217416
T_evening_hedge 2025-07-01 cumulative_cost 5875575.196768884
T_evening_hedge 2025-07-31 cumulative_cost 7381698.730129218
T_evening_hedge 2025-08-30 cumulative_cost 8615078.7369427
T_evening_hedge 2025-09-29 cumulative_cost 9776526.494434504
T_evening_hedge 2025-10-29 cumulative_cost 10902437.824044215
T_evening_hedge 2025-11-28 cumulative_cost 12172418.433951197
T_evening_hedge 2025-12-28 cumulative_cost 13820384.049603652
DONE runs T_evening_hedge 14013263.70714837 531588.1897906393
T_rebalance 2025-02-01 cumulative_cost 21944.60830834257
T_rebalance 2025-03-03 cumulative_cost 1347177.1092282971
T_rebalance 2025-04-02 cumulative_cost 2432919.5379562764
T_rebalance 2025-05-02 cumulative_cost 3374740.5526122637
T_rebalance 2025-06-01 cumulative_cost 4402746.76605686
T_rebalance 2025-07-01 cumulative_cost 5874936.2584960535
T_rebalance 2025-07-31 cumulative_cost 7377014.768749689
T_rebalance 2025-08-30 cumulative_cost 8618203.136162091
T_rebalance 2025-09-29 cumulative_cost 9783772.55003272
T_rebalance 2025-10-29 cumulative_cost 10904705.728171669
T_rebalance 2025-11-28 cumulative_cost 12162119.004295392
T_rebalance 2025-12-28 cumulative_cost 13807762.51658939
DONE runs T_rebalance 13999000.4709092 701926.0813285937
T_soft 2025-02-01 cumulative_cost 21924.9669245387
T_soft 2025-03-03 cumulative_cost 1345652.7232437462
T_soft 2025-04-02 cumulative_cost 2429494.668437033
T_soft 2025-05-02 cumulative_cost 3370520.976231505
T_soft 2025-06-01 cumulative_cost 4401237.173306439
T_soft 2025-07-01 cumulative_cost 5874486.846341488
T_soft 2025-07-31 cumulative_cost 7381816.300544014
T_soft 2025-08-30 cumulative_cost 8622039.21363749
T_soft 2025-09-29 cumulative_cost 9785315.74490389
T_soft 2025-10-29 cumulative_cost 10905183.926827237
T_soft 2025-11-28 cumulative_cost 12166187.774507448
T_soft 2025-12-28 cumulative_cost 13811336.832140062
DONE runs T_soft 14003101.747445071 687373.7138944892
T_strong 2025-02-01 cumulative_cost 22141.394838507178
T_strong 2025-03-03 cumulative_cost 1349785.1046146338
T_strong 2025-04-02 cumulative_cost 2438141.586612733
T_strong 2025-05-02 cumulative_cost 3379304.5169935753
T_strong 2025-06-01 cumulative_cost 4399982.14327929
T_strong 2025-07-01 cumulative_cost 5869075.981188538
T_strong 2025-07-31 cumulative_cost 7364215.959670134
T_strong 2025-08-30 cumulative_cost 8608863.30682964
T_strong 2025-09-29 cumulative_cost 9779054.14592291
T_strong 2025-10-29 cumulative_cost 10902801.805689974
T_strong 2025-11-28 cumulative_cost 12159089.757197488
T_strong 2025-12-28 cumulative_cost 13806449.121094616
DONE runs T_strong 13997392.314297479 683156.5779784736
T_morning_hedge 2025-02-01 cumulative_cost 21987.933500969477
T_morning_hedge 2025-03-03 cumulative_cost 1346673.6669080963
T_morning_hedge 2025-04-02 cumulative_cost 2431216.1530371597
T_morning_hedge 2025-05-02 cumulative_cost 3372686.9224624275
T_morning_hedge 2025-06-01 cumulative_cost 4402055.140248833
T_morning_hedge 2025-07-01 cumulative_cost 5871778.310351371
T_morning_hedge 2025-07-31 cumulative_cost 7374260.281490635
T_morning_hedge 2025-08-30 cumulative_cost 8612996.476598196
T_morning_hedge 2025-09-29 cumulative_cost 9777557.767014662
T_morning_hedge 2025-10-29 cumulative_cost 10898991.496285323
T_morning_hedge 2025-11-28 cumulative_cost 12158762.403766312
T_morning_hedge 2025-12-28 cumulative_cost 13805527.662248986
DONE runs T_morning_hedge 13997415.738357596 664009.982713695
