X_morning90 2025-02-01 cumulative_cost 22061.519591980694
X_morning90 2025-03-03 cumulative_cost 1346675.3987452653
X_morning90 2025-04-02 cumulative_cost 2429419.6694052285
X_morning90 2025-05-02 cumulative_cost 3371124.597831986
X_morning90 2025-06-01 cumulative_cost 4402656.397297351
X_morning90 2025-07-01 cumulative_cost 5872005.012263137
X_morning90 2025-07-31 cumulative_cost 7374478.991845892
X_morning90 2025-08-30 cumulative_cost 8611501.502111044
X_morning90 2025-09-29 cumulative_cost 9774211.879065564
X_morning90 2025-10-29 cumulative_cost 10896364.955919376
X_morning90 2025-11-28 cumulative_cost 12160415.694318132
X_morning90 2025-12-28 cumulative_cost 13808199.669055184
DONE extension_runs X_morning90 14000801.896554677 621366.0262286668
X_strong_morning85 2025-02-01 cumulative_cost 22184.720031134093
X_strong_morning85 2025-03-03 cumulative_cost 1349044.1461111456
X_strong_morning85 2025-04-02 cumulative_cost 2435863.6857148237
X_strong_morning85 2025-05-02 cumulative_cost 3376677.3535418636
X_strong_morning85 2025-06-01 cumulative_cost 4398703.465555882
X_strong_morning85 2025-07-01 cumulative_cost 5864979.456816844
X_strong_morning85 2025-07-31 cumulative_cost 7360680.724160214
X_strong_morning85 2025-08-30 cumulative_cost 8602775.771238778
X_strong_morning85 2025-09-29 cumulative_cost 9771437.337360473
X_strong_morning85 2025-10-29 cumulative_cost 10895663.588323032
X_strong_morning85 2025-11-28 cumulative_cost 12154241.549955858
X_strong_morning85 2025-12-28 cumulative_cost 13802688.94397929
DONE extension_runs X_strong_morning85 13994282.258970976 644292.1650026435
X_day60 2025-02-01 cumulative_cost 21944.469479891835
X_day60 2025-03-03 cumulative_cost 1351675.1953398937
X_day60 2025-04-02 cumulative_cost 2444290.244012915
X_day60 2025-05-02 cumulative_cost 3387581.045674835
X_day60 2025-06-01 cumulative_cost 4404816.448151511
X_day60 2025-07-01 cumulative_cost 5878392.2694193795
X_day60 2025-07-31 cumulative_cost 7375187.496745677
X_day60 2025-08-30 cumulative_cost 8628482.932024168
X_day60 2025-09-29 cumulative_cost 9802648.14537045
X_day60 2025-10-29 cumulative_cost 10925829.22225303
X_day60 2025-11-28 cumulative_cost 12176480.344233822
X_day60 2025-12-28 cumulative_cost 13825781.782528872
DONE extension_runs X_day60 14016048.544093465 778811.4830472104
X_day50 2025-02-01 cumulative_cost 21579.317933633167
X_day50 2025-03-03 cumulative_cost 1358754.893897599
X_day50 2025-04-02 cumulative_cost 2464136.6288506575
X_day50 2025-05-02 cumulative_cost 3413414.307913715
X_day50 2025-06-01 cumulative_cost 4432713.467603265
X_day50 2025-07-01 cumulative_cost 5917576.362987075
X_day50 2025-07-31 cumulative_cost 7423687.359552479
X_day50 2025-08-30 cumulative_cost 8702110.313742481
X_day50 2025-09-29 cumulative_cost 9890551.52112325
X_day50 2025-10-29 cumulative_cost 11021178.519878471
X_day50 2025-11-28 cumulative_cost 12262130.287598014
X_day50 2025-12-28 cumulative_cost 13921391.204037616
DONE extension_runs X_day50 14110414.803102294 1012398.7711742962
X_day60_morning85 2025-02-01 cumulative_cost 21987.43669602368
X_day60_morning85 2025-03-03 cumulative_cost 1350965.4458368889
X_day60_morning85 2025-04-02 cumulative_cost 2440015.508020938
X_day60_morning85 2025-05-02 cumulative_cost 3382915.617083994
X_day60_morning85 2025-06-01 cumulative_cost 4401480.76192599
X_day60_morning85 2025-07-01 cumulative_cost 5872740.453304306
X_day60_morning85 2025-07-31 cumulative_cost 7368749.638059915
X_day60_morning85 2025-08-30 cumulative_cost 8617431.459523497
X_day60_morning85 2025-09-29 cumulative_cost 9789800.083091842
X_day60_morning85 2025-10-29 cumulative_cost 10913327.787162352
X_day60_morning85 2025-11-28 cumulative_cost 12166225.026242081
X_day60_morning85 2025-12-28 cumulative_cost 13815825.381259117
DONE extension_runs X_day60_morning85 14006742.264612528 734327.1651380957
X_evening85_day60 2025-02-01 cumulative_cost 21262.85677330998
X_evening85_day60 2025-03-03 cumulative_cost 1351112.2916641098
X_evening85_day60 2025-04-02 cumulative_cost 2446261.413522069
X_evening85_day60 2025-05-02 cumulative_cost 3393799.044641531
X_evening85_day60 2025-06-01 cumulative_cost 4419733.608335068
X_evening85_day60 2025-07-01 cumulative_cost 5906526.926335084
X_evening85_day60 2025-07-31 cumulative_cost 7417595.197429916
X_evening85_day60 2025-08-30 cumulative_cost 8681686.860294005
X_evening85_day60 2025-09-29 cumulative_cost 9864348.284271995
X_evening85_day60 2025-10-29 cumulative_cost 10985404.03326801
X_evening85_day60 2025-11-28 cumulative_cost 12228497.390552854
X_evening85_day60 2025-12-28 cumulative_cost 13878968.021124095
DONE extension_runs X_evening85_day60 14068361.618292063 999283.3104937512
X_uniform70 2025-02-01 cumulative_cost 20795.620290031104
X_uniform70 2025-03-03 cumulative_cost 1351018.5699512828
X_uniform70 2025-04-02 cumulative_cost 2444937.602655088
X_uniform70 2025-05-02 cumulative_cost 3390209.1011942574
X_uniform70 2025-06-01 cumulative_cost 4418871.371529971
X_uniform70 2025-07-01 cumulative_cost 5920964.336447395
X_uniform70 2025-07-31 cumulative_cost 7446072.254449823
X_uniform70 2025-08-30 cumulative_cost 8724407.773329245
X_uniform70 2025-09-29 cumulative_cost 9930967.189618006
X_uniform70 2025-10-29 cumulative_cost 11046466.632558094
X_uniform70 2025-11-28 cumulative_cost 12284912.690205982
X_uniform70 2025-12-28 cumulative_cost 13939488.512088964
DONE extension_runs X_uniform70 14126888.934585324 1227152.5931255878
X_uniform75 2025-02-01 cumulative_cost 21341.660230321162
X_uniform75 2025-03-03 cumulative_cost 1344028.3834006311
X_uniform75 2025-04-02 cumulative_cost 2428617.850260638
X_uniform75 2025-05-02 cumulative_cost 3371117.833866683
X_uniform75 2025-06-01 cumulative_cost 4399963.202996159
X_uniform75 2025-07-01 cumulative_cost 5886830.022350508
X_uniform75 2025-07-31 cumulative_cost 7405000.230184773
X_uniform75 2025-08-30 cumulative_cost 8657032.399994219
X_uniform75 2025-09-29 cumulative_cost 9838353.68157544
X_uniform75 2025-10-29 cumulative_cost 10952188.34720962
X_uniform75 2025-11-28 cumulative_cost 12202897.894543193
X_uniform75 2025-12-28 cumulative_cost 13849199.511167284
DONE extension_runs X_uniform75 14038917.48913607 922210.0878642158
