S_tau 2025-02-01 cumulative_cost 23610.27947212423
S_tau 2025-03-03 cumulative_cost 1360578.667468435
S_tau 2025-04-02 cumulative_cost 2458816.87786203
S_tau 2025-05-02 cumulative_cost 3408837.7087848647
S_tau 2025-06-01 cumulative_cost 4469679.037722623
S_tau 2025-07-01 cumulative_cost 6008724.951880422
S_tau 2025-07-31 cumulative_cost 7552002.86142286
S_tau 2025-08-30 cumulative_cost 8837881.471663956
S_tau 2025-09-29 cumulative_cost 10016214.829914292
S_tau 2025-10-29 cumulative_cost 11144291.271649973
S_tau 2025-11-28 cumulative_cost 12394200.266026413
S_tau 2025-12-28 cumulative_cost 14078157.32891266
DONE runs S_tau 14271939.871226463 928898.0877951251
S_terminal 2025-02-01 cumulative_cost 22017.296407373953
S_terminal 2025-03-03 cumulative_cost 1344444.6372887369
S_terminal 2025-04-02 cumulative_cost 2426921.316140658
S_terminal 2025-05-02 cumulative_cost 3368185.748021994
S_terminal 2025-06-01 cumulative_cost 4402797.6272273
S_terminal 2025-07-01 cumulative_cost 5878298.510059102
S_terminal 2025-07-31 cumulative_cost 7395196.349490481
S_terminal 2025-08-30 cumulative_cost 8635401.782187516
S_terminal 2025-09-29 cumulative_cost 9798203.443980712
S_terminal 2025-10-29 cumulative_cost 10918954.566028723
S_terminal 2025-11-28 cumulative_cost 12183913.051408216
S_terminal 2025-12-28 cumulative_cost 13829415.674782865
DONE runs S_terminal 14021677.812358541 660044.4512763959
P_floor 2025-02-01 cumulative_cost 22017.296407373953
P_floor 2025-03-03 cumulative_cost 1344445.9256427006
P_floor 2025-04-02 cumulative_cost 2426922.604494622
P_floor 2025-05-02 cumulative_cost 3368203.2405493837
P_floor 2025-06-01 cumulative_cost 4402935.02096412
P_floor 2025-07-01 cumulative_cost 5878441.328456598
P_floor 2025-07-31 cumulative_cost 7395507.922261531
P_floor 2025-08-30 cumulative_cost 8635876.714269036
P_floor 2025-09-29 cumulative_cost 9799331.184053214
P_floor 2025-10-29 cumulative_cost 10920115.352168728
P_floor 2025-11-28 cumulative_cost 12185073.83754822
P_floor 2025-12-28 cumulative_cost 13830576.460922869
DONE runs P_floor 14022838.598498546 661273.6528153808
